// Jest Snapshot v1, https://goo.gl/fbAQLP

exports[`Area should plot area 1`] = `
<div
  style="width: 300px; height: 300px;"
>
  <svg
    class="baseSVG"
    height="100%"
    preserveAspectRatio="xMinYMin meet"
    viewBox="0 0 1000 700"
    width="100%"
  >
    <g
      class="canvas"
    >
      <rect
        class="graphArea"
        fill="#fff"
        fill-opacity="1"
        height="700"
        rx="0"
        ry="0"
        stroke="#00c"
        stroke-dasharray="none"
        stroke-opacity="1"
        stroke-width="1"
        width="1000"
      />
    </g>
    <g
      class="grids"
    >
      <g
        class="hor-major-Grid"
        fill-opacity="0"
        stroke="#444"
        stroke-dasharray="none"
        stroke-opacity="1"
        stroke-width="1"
      >
        <line
          x1="20"
          x2="980"
          y1="526"
          y2="526"
        />
        <line
          x1="20"
          x2="980"
          y1="164"
          y2="164"
        />
      </g>
      <g
        class="hor-minor-Grid"
        fill-opacity="0"
        stroke="#eee"
        stroke-dasharray="none"
        stroke-opacity="1"
        stroke-width="1"
      >
        <line
          x1="20"
          x2="980"
          y1="670"
          y2="670"
        />
        <line
          x1="20"
          x2="980"
          y1="598"
          y2="598"
        />
        <line
          x1="20"
          x2="980"
          y1="526"
          y2="526"
        />
        <line
          x1="20"
          x2="980"
          y1="453"
          y2="453"
        />
        <line
          x1="20"
          x2="980"
          y1="381"
          y2="381"
        />
        <line
          x1="20"
          x2="980"
          y1="309"
          y2="309"
        />
        <line
          x1="20"
          x2="980"
          y1="237"
          y2="237"
        />
        <line
          x1="20"
          x2="980"
          y1="164"
          y2="164"
        />
        <line
          x1="20"
          x2="980"
          y1="92"
          y2="92"
        />
        <line
          x1="20"
          x2="980"
          y1="20"
          y2="20"
        />
      </g>
      <g
        class="ver-major-Grid"
        fill-opacity="0"
        stroke="#444"
        stroke-dasharray="none"
        stroke-opacity="1"
        stroke-width="1"
      >
        <line
          x1="20"
          x2="20"
          y1="670"
          y2="20"
        />
        <line
          x1="500"
          x2="500"
          y1="670"
          y2="20"
        />
        <line
          x1="980"
          x2="980"
          y1="670"
          y2="20"
        />
      </g>
      <g
        class="ver-minor-Grid"
        fill-opacity="0"
        stroke="#eee"
        stroke-dasharray="none"
        stroke-opacity="1"
        stroke-width="1"
      >
        <line
          x1="20"
          x2="20"
          y1="670"
          y2="20"
        />
        <line
          x1="116"
          x2="116"
          y1="670"
          y2="20"
        />
        <line
          x1="212"
          x2="212"
          y1="670"
          y2="20"
        />
        <line
          x1="308"
          x2="308"
          y1="670"
          y2="20"
        />
        <line
          x1="404"
          x2="404"
          y1="670"
          y2="20"
        />
        <line
          x1="500"
          x2="500"
          y1="670"
          y2="20"
        />
        <line
          x1="596"
          x2="596"
          y1="670"
          y2="20"
        />
        <line
          x1="692"
          x2="692"
          y1="670"
          y2="20"
        />
        <line
          x1="788"
          x2="788"
          y1="670"
          y2="20"
        />
        <line
          x1="884"
          x2="884"
          y1="670"
          y2="20"
        />
        <line
          x1="980"
          x2="980"
          y1="670"
          y2="20"
        />
      </g>
    </g>
    <g
      class="axes"
      color="currentColor"
    >
      <g
        class="horAxis"
        color="currentColor"
        fill="currentColor"
        fill-opacity="0"
        font-family="sans-serif"
        font-size="16px"
        font-style="normal"
        font-weight="100"
        stroke="currentColor"
        stroke-dasharray="none"
        stroke-opacity="1"
        stroke-width="1"
        text-anchor="middle"
        transform="translate(0, 526)"
      >
        <path
          class="domain"
          d="M20.5,5V0.5H980.5V5"
          stroke="currentColor"
        />
        <g
          class="tick"
          opacity="1"
          transform="translate(20.5,0)"
        >
          <line
            fill-opacity="0"
            stroke="currentColor"
            stroke-dasharray="none"
            stroke-opacity="1"
            stroke-width="2"
            y2="5"
          />
          <text
            dy="0.71em"
            fill="currentColor"
            y="8"
          >
            -1
          </text>
        </g>
        <g
          class="tick"
          opacity="1"
          transform="translate(116.5,0)"
        >
          <line
            fill-opacity="0"
            stroke="currentColor"
            stroke-dasharray="none"
            stroke-opacity="1"
            stroke-width="2"
            y2="5"
          />
          <text
            dy="0.71em"
            fill="currentColor"
            y="8"
          >
            -0.8
          </text>
        </g>
        <g
          class="tick"
          opacity="1"
          transform="translate(212.5,0)"
        >
          <line
            fill-opacity="0"
            stroke="currentColor"
            stroke-dasharray="none"
            stroke-opacity="1"
            stroke-width="2"
            y2="5"
          />
          <text
            dy="0.71em"
            fill="currentColor"
            y="8"
          >
            -0.6
          </text>
        </g>
        <g
          class="tick"
          opacity="1"
          transform="translate(308.5,0)"
        >
          <line
            fill-opacity="0"
            stroke="currentColor"
            stroke-dasharray="none"
            stroke-opacity="1"
            stroke-width="2"
            y2="5"
          />
          <text
            dy="0.71em"
            fill="currentColor"
            y="8"
          >
            -0.4
          </text>
        </g>
        <g
          class="tick"
          opacity="1"
          transform="translate(404.5,0)"
        >
          <line
            fill-opacity="0"
            stroke="currentColor"
            stroke-dasharray="none"
            stroke-opacity="1"
            stroke-width="2"
            y2="5"
          />
          <text
            dy="0.71em"
            fill="currentColor"
            y="8"
          >
            -0.2
          </text>
        </g>
        <g
          class="tick"
          opacity="1"
          transform="translate(500.5,0)"
        >
          <line
            fill-opacity="0"
            stroke="currentColor"
            stroke-dasharray="none"
            stroke-opacity="1"
            stroke-width="2"
            y2="5"
          />
          <text
            dy="0.71em"
            fill="currentColor"
            y="8"
          >
            0
          </text>
        </g>
        <g
          class="tick"
          opacity="1"
          transform="translate(596.5,0)"
        >
          <line
            fill-opacity="0"
            stroke="currentColor"
            stroke-dasharray="none"
            stroke-opacity="1"
            stroke-width="2"
            y2="5"
          />
          <text
            dy="0.71em"
            fill="currentColor"
            y="8"
          >
            0.2
          </text>
        </g>
        <g
          class="tick"
          opacity="1"
          transform="translate(692.5,0)"
        >
          <line
            fill-opacity="0"
            stroke="currentColor"
            stroke-dasharray="none"
            stroke-opacity="1"
            stroke-width="2"
            y2="5"
          />
          <text
            dy="0.71em"
            fill="currentColor"
            y="8"
          >
            0.4
          </text>
        </g>
        <g
          class="tick"
          opacity="1"
          transform="translate(788.5,0)"
        >
          <line
            fill-opacity="0"
            stroke="currentColor"
            stroke-dasharray="none"
            stroke-opacity="1"
            stroke-width="2"
            y2="5"
          />
          <text
            dy="0.71em"
            fill="currentColor"
            y="8"
          >
            0.6
          </text>
        </g>
        <g
          class="tick"
          opacity="1"
          transform="translate(884.5,0)"
        >
          <line
            fill-opacity="0"
            stroke="currentColor"
            stroke-dasharray="none"
            stroke-opacity="1"
            stroke-width="2"
            y2="5"
          />
          <text
            dy="0.71em"
            fill="currentColor"
            y="8"
          >
            0.8
          </text>
        </g>
        <g
          class="tick"
          opacity="1"
          transform="translate(980.5,0)"
        >
          <line
            fill-opacity="0"
            stroke="currentColor"
            stroke-dasharray="none"
            stroke-opacity="1"
            stroke-width="2"
            y2="5"
          />
          <text
            dy="0.71em"
            fill="currentColor"
            y="8"
          >
            1
          </text>
        </g>
      </g>
      <g
        class="verAxis"
        color="currentColor"
        fill="currentColor"
        fill-opacity="0"
        font-family="sans-serif"
        font-size="16px"
        font-style="normal"
        font-weight="100"
        stroke="currentColor"
        stroke-dasharray="none"
        stroke-opacity="1"
        stroke-width="1"
        text-anchor="end"
        transform="translate(500, 0)"
      >
        <path
          class="domain"
          d="M-5,670.5H0.5V20.5H-5"
          stroke="currentColor"
        />
        <g
          class="tick"
          opacity="1"
          transform="translate(0,670.5)"
        >
          <line
            fill-opacity="0"
            stroke="currentColor"
            stroke-dasharray="none"
            stroke-opacity="1"
            stroke-width="2"
            x2="-5"
          />
          <text
            dy="0.32em"
            fill="currentColor"
            x="-8"
          >
            -0.2
          </text>
        </g>
        <g
          class="tick"
          opacity="1"
          transform="translate(0,598.5)"
        >
          <line
            fill-opacity="0"
            stroke="currentColor"
            stroke-dasharray="none"
            stroke-opacity="1"
            stroke-width="2"
            x2="-5"
          />
          <text
            dy="0.32em"
            fill="currentColor"
            x="-8"
          >
            -0.1
          </text>
        </g>
        <g
          class="tick"
          opacity="1"
          transform="translate(0,526.5)"
        >
          <line
            fill-opacity="0"
            stroke="currentColor"
            stroke-dasharray="none"
            stroke-opacity="1"
            stroke-width="2"
            x2="-5"
          />
          <text
            dy="0.32em"
            fill="currentColor"
            x="-8"
          >
            0
          </text>
        </g>
        <g
          class="tick"
          opacity="1"
          transform="translate(0,453.5)"
        >
          <line
            fill-opacity="0"
            stroke="currentColor"
            stroke-dasharray="none"
            stroke-opacity="1"
            stroke-width="2"
            x2="-5"
          />
          <text
            dy="0.32em"
            fill="currentColor"
            x="-8"
          >
            0.1
          </text>
        </g>
        <g
          class="tick"
          opacity="1"
          transform="translate(0,381.5)"
        >
          <line
            fill-opacity="0"
            stroke="currentColor"
            stroke-dasharray="none"
            stroke-opacity="1"
            stroke-width="2"
            x2="-5"
          />
          <text
            dy="0.32em"
            fill="currentColor"
            x="-8"
          >
            0.2
          </text>
        </g>
        <g
          class="tick"
          opacity="1"
          transform="translate(0,309.5)"
        >
          <line
            fill-opacity="0"
            stroke="currentColor"
            stroke-dasharray="none"
            stroke-opacity="1"
            stroke-width="2"
            x2="-5"
          />
          <text
            dy="0.32em"
            fill="currentColor"
            x="-8"
          >
            0.3
          </text>
        </g>
        <g
          class="tick"
          opacity="1"
          transform="translate(0,237.5)"
        >
          <line
            fill-opacity="0"
            stroke="currentColor"
            stroke-dasharray="none"
            stroke-opacity="1"
            stroke-width="2"
            x2="-5"
          />
          <text
            dy="0.32em"
            fill="currentColor"
            x="-8"
          >
            0.4
          </text>
        </g>
        <g
          class="tick"
          opacity="1"
          transform="translate(0,164.5)"
        >
          <line
            fill-opacity="0"
            stroke="currentColor"
            stroke-dasharray="none"
            stroke-opacity="1"
            stroke-width="2"
            x2="-5"
          />
          <text
            dy="0.32em"
            fill="currentColor"
            x="-8"
          >
            0.5
          </text>
        </g>
        <g
          class="tick"
          opacity="1"
          transform="translate(0,92.5)"
        >
          <line
            fill-opacity="0"
            stroke="currentColor"
            stroke-dasharray="none"
            stroke-opacity="1"
            stroke-width="2"
            x2="-5"
          />
          <text
            dy="0.32em"
            fill="currentColor"
            x="-8"
          >
            0.6
          </text>
        </g>
        <g
          class="tick"
          opacity="1"
          transform="translate(0,20.5)"
        >
          <line
            fill-opacity="0"
            stroke="currentColor"
            stroke-dasharray="none"
            stroke-opacity="1"
            stroke-width="2"
            x2="-5"
          />
          <text
            dy="0.32em"
            fill="currentColor"
            x="-8"
          >
            0.7
          </text>
        </g>
      </g>
    </g>
    <g
      class="title"
    >
      <text />
    </g>
    <g
      class="series"
    >
      <g
        class="series0"
        style="color: rgb(27, 158, 119);"
      >
        <g
          class="area"
          fill="currentColor"
          fill-opacity="0.5"
        >
          <path
            d="M20,381C20,381,485.92675769484083,-4.356662656978037,596,20C697.0624876596856,42.36279106213441,657.7347758504364,341.7950439048414,692,453C722.23616686992,551.1289833266177,757.3251854673945,684.6483995906963,788,670C821.5889314028632,653.9599979165114,847.4592444493808,345.60125139642537,884,309C913.1168798285936,279.8349150851696,980,381,980,381L980,526C980,526,916,526,884,526C852.0000000000001,526,820,526,788,526C756,526,724.0000000000001,526,692,526C660,526,670.0304838915058,526,596,526C490.0646664919945,526.0000000000001,20,526,20,526"
          />
        </g>
      </g>
    </g>
  </svg>
</div>
`;
