// Jest Snapshot v1, https://goo.gl/fbAQLP

exports[`Area indexed should plot area 1`] = `
<div
  style="width: 300px; height: 300px;"
>
  <svg
    class="baseSVG"
    height="100%"
    preserveAspectRatio="xMinYMin meet"
    viewBox="0 0 1000 700"
    width="100%"
  >
    <g
      class="canvas"
    >
      <rect
        class="graphArea"
        fill="#fff"
        fill-opacity="1"
        height="700"
        rx="0"
        ry="0"
        stroke="#00c"
        stroke-dasharray="none"
        stroke-opacity="1"
        stroke-width="1"
        width="1000"
        x="0"
        y="0"
      />
    </g>
    <g
      class="grids"
    >
      <g
        class="hor-major-Grid"
        fill-opacity="0"
        stroke="#444"
        stroke-dasharray="none"
        stroke-opacity="1"
        stroke-width="1"
      >
        <line
          x1="20"
          x2="980"
          y1="526"
          y2="526"
        />
        <line
          x1="20"
          x2="980"
          y1="164"
          y2="164"
        />
      </g>
      <g
        class="hor-minor-Grid"
        fill-opacity="0"
        stroke="#eee"
        stroke-dasharray="none"
        stroke-opacity="1"
        stroke-width="1"
      >
        <line
          x1="20"
          x2="980"
          y1="670"
          y2="670"
        />
        <line
          x1="20"
          x2="980"
          y1="598"
          y2="598"
        />
        <line
          x1="20"
          x2="980"
          y1="526"
          y2="526"
        />
        <line
          x1="20"
          x2="980"
          y1="453"
          y2="453"
        />
        <line
          x1="20"
          x2="980"
          y1="381"
          y2="381"
        />
        <line
          x1="20"
          x2="980"
          y1="309"
          y2="309"
        />
        <line
          x1="20"
          x2="980"
          y1="237"
          y2="237"
        />
        <line
          x1="20"
          x2="980"
          y1="164"
          y2="164"
        />
        <line
          x1="20"
          x2="980"
          y1="92"
          y2="92"
        />
        <line
          x1="20"
          x2="980"
          y1="20"
          y2="20"
        />
      </g>
      <g
        class="ver-major-Grid"
        fill-opacity="0"
        stroke="#444"
        stroke-dasharray="none"
        stroke-opacity="1"
        stroke-width="1"
      >
        <line
          x1="20"
          x2="20"
          y1="670"
          y2="20"
        />
        <line
          x1="404"
          x2="404"
          y1="670"
          y2="20"
        />
        <line
          x1="788"
          x2="788"
          y1="670"
          y2="20"
        />
      </g>
      <g
        class="ver-minor-Grid"
        fill-opacity="0"
        stroke="#eee"
        stroke-dasharray="none"
        stroke-opacity="1"
        stroke-width="1"
      >
        <line
          x1="20"
          x2="20"
          y1="670"
          y2="20"
        />
        <line
          x1="116"
          x2="116"
          y1="670"
          y2="20"
        />
        <line
          x1="212"
          x2="212"
          y1="670"
          y2="20"
        />
        <line
          x1="308"
          x2="308"
          y1="670"
          y2="20"
        />
        <line
          x1="404"
          x2="404"
          y1="670"
          y2="20"
        />
        <line
          x1="500"
          x2="500"
          y1="670"
          y2="20"
        />
        <line
          x1="596"
          x2="596"
          y1="670"
          y2="20"
        />
        <line
          x1="692"
          x2="692"
          y1="670"
          y2="20"
        />
        <line
          x1="788"
          x2="788"
          y1="670"
          y2="20"
        />
        <line
          x1="884"
          x2="884"
          y1="670"
          y2="20"
        />
        <line
          x1="980"
          x2="980"
          y1="670"
          y2="20"
        />
      </g>
    </g>
    <g
      class="axes"
      color="currentColor"
    >
      <g
        class="horAxis"
        color="currentColor"
        fill="currentColor"
        fill-opacity="0"
        font-family="sans-serif"
        font-size="16px"
        font-style="normal"
        font-weight="100"
        stroke="currentColor"
        stroke-dasharray="none"
        stroke-opacity="1"
        stroke-width="1"
        text-anchor="middle"
        transform="translate(0, 526)"
      >
        <path
          class="domain"
          d="M20.5,5V0.5H980.5V5"
          stroke="currentColor"
        />
        <g
          class="tick"
          opacity="1"
          transform="translate(20.5,0)"
        >
          <line
            fill-opacity="0"
            stroke="currentColor"
            stroke-dasharray="none"
            stroke-opacity="1"
            stroke-width="2"
            y2="5"
          />
          <text
            dy="0.71em"
            fill="currentColor"
            y="8"
          >
            0
          </text>
        </g>
        <g
          class="tick"
          opacity="1"
          transform="translate(404.5,0)"
        >
          <line
            fill-opacity="0"
            stroke="currentColor"
            stroke-dasharray="none"
            stroke-opacity="1"
            stroke-width="2"
            y2="5"
          />
          <text
            dy="0.71em"
            fill="currentColor"
            y="8"
          >
            2
          </text>
        </g>
        <g
          class="tick"
          opacity="1"
          transform="translate(788.5,0)"
        >
          <line
            fill-opacity="0"
            stroke="currentColor"
            stroke-dasharray="none"
            stroke-opacity="1"
            stroke-width="2"
            y2="5"
          />
          <text
            dy="0.71em"
            fill="currentColor"
            y="8"
          >
            4
          </text>
        </g>
      </g>
      <g
        class="verAxis"
        color="currentColor"
        fill="currentColor"
        fill-opacity="0"
        font-family="sans-serif"
        font-size="16px"
        font-style="normal"
        font-weight="100"
        stroke="currentColor"
        stroke-dasharray="none"
        stroke-opacity="1"
        stroke-width="1"
        text-anchor="end"
        transform="translate(20, 0)"
      >
        <path
          class="domain"
          d="M-5,670.5H0.5V20.5H-5"
          stroke="currentColor"
        />
        <g
          class="tick"
          opacity="1"
          transform="translate(0,526.5)"
        >
          <line
            fill-opacity="0"
            stroke="currentColor"
            stroke-dasharray="none"
            stroke-opacity="1"
            stroke-width="2"
            x2="-5"
          />
          <text
            dy="0.32em"
            fill="currentColor"
            x="-8"
          >
            0
          </text>
        </g>
        <g
          class="tick"
          opacity="1"
          transform="translate(0,164.5)"
        >
          <line
            fill-opacity="0"
            stroke="currentColor"
            stroke-dasharray="none"
            stroke-opacity="1"
            stroke-width="2"
            x2="-5"
          />
          <text
            dy="0.32em"
            fill="currentColor"
            x="-8"
          >
            500m
          </text>
        </g>
      </g>
    </g>
    <g
      class="title"
    >
      <text />
    </g>
    <g
      class="series"
    >
      <g
        class="series0"
        style="color: rgb(27, 158, 119);"
      >
        <g
          class="area"
          fill="currentColor"
          fill-opacity="0.5"
        >
          <path
            class="popup"
            d="M20,381C20,381,150.1851682278028,17.7910491095886,212,20C278.5313497993709,22.3774955001284,329.9960050833292,337.76127807093246,404,453C461.8803634227513,543.1310681016391,536.627527984373,677.024894208719,596,670C666.5302468530189,661.6549285243356,708.560142859524,339.04746174262993,788,309C844.2568567363976,287.7213143201104,980,381,980,381L20,526C20,526,148,526,212,526C276,526,340,526,404,526C468,526,532,526,596,526C660,526,724,526,788,526C852,526,980,526,980,526"
          />
        </g>
      </g>
    </g>
    <g
      class="popup"
    />
    <style>
      .popup:hover { filter: brightness(0.8);}
    </style>
  </svg>
</div>
`;

exports[`Area labels should plot area 1`] = `
<div
  style="width: 300px; height: 300px;"
>
  <svg
    class="baseSVG"
    height="100%"
    preserveAspectRatio="xMinYMin meet"
    viewBox="0 0 1000 700"
    width="100%"
  >
    <g
      class="canvas"
    >
      <rect
        class="graphArea"
        fill="#fff"
        fill-opacity="1"
        height="700"
        rx="0"
        ry="0"
        stroke="#00c"
        stroke-dasharray="none"
        stroke-opacity="1"
        stroke-width="1"
        width="1000"
        x="0"
        y="0"
      />
    </g>
    <g
      class="grids"
    >
      <g
        class="hor-major-Grid"
        fill-opacity="0"
        stroke="#444"
        stroke-dasharray="none"
        stroke-opacity="1"
        stroke-width="1"
      >
        <line
          x1="20"
          x2="980"
          y1="526"
          y2="526"
        />
        <line
          x1="20"
          x2="980"
          y1="164"
          y2="164"
        />
      </g>
      <g
        class="hor-minor-Grid"
        fill-opacity="0"
        stroke="#eee"
        stroke-dasharray="none"
        stroke-opacity="1"
        stroke-width="1"
      >
        <line
          x1="20"
          x2="980"
          y1="670"
          y2="670"
        />
        <line
          x1="20"
          x2="980"
          y1="598"
          y2="598"
        />
        <line
          x1="20"
          x2="980"
          y1="526"
          y2="526"
        />
        <line
          x1="20"
          x2="980"
          y1="453"
          y2="453"
        />
        <line
          x1="20"
          x2="980"
          y1="381"
          y2="381"
        />
        <line
          x1="20"
          x2="980"
          y1="309"
          y2="309"
        />
        <line
          x1="20"
          x2="980"
          y1="237"
          y2="237"
        />
        <line
          x1="20"
          x2="980"
          y1="164"
          y2="164"
        />
        <line
          x1="20"
          x2="980"
          y1="92"
          y2="92"
        />
        <line
          x1="20"
          x2="980"
          y1="20"
          y2="20"
        />
      </g>
      <g
        class="ver-major-Grid"
        fill-opacity="0"
        stroke="#444"
        stroke-dasharray="none"
        stroke-opacity="1"
        stroke-width="1"
      >
        <line
          x1="20"
          x2="20"
          y1="670"
          y2="20"
        />
        <line
          x1="404"
          x2="404"
          y1="670"
          y2="20"
        />
        <line
          x1="788"
          x2="788"
          y1="670"
          y2="20"
        />
      </g>
      <g
        class="ver-minor-Grid"
        fill-opacity="0"
        stroke="#eee"
        stroke-dasharray="none"
        stroke-opacity="1"
        stroke-width="1"
      >
        <line
          x1="20"
          x2="20"
          y1="670"
          y2="20"
        />
        <line
          x1="116"
          x2="116"
          y1="670"
          y2="20"
        />
        <line
          x1="212"
          x2="212"
          y1="670"
          y2="20"
        />
        <line
          x1="308"
          x2="308"
          y1="670"
          y2="20"
        />
        <line
          x1="404"
          x2="404"
          y1="670"
          y2="20"
        />
        <line
          x1="500"
          x2="500"
          y1="670"
          y2="20"
        />
        <line
          x1="596"
          x2="596"
          y1="670"
          y2="20"
        />
        <line
          x1="692"
          x2="692"
          y1="670"
          y2="20"
        />
        <line
          x1="788"
          x2="788"
          y1="670"
          y2="20"
        />
        <line
          x1="884"
          x2="884"
          y1="670"
          y2="20"
        />
        <line
          x1="980"
          x2="980"
          y1="670"
          y2="20"
        />
      </g>
    </g>
    <g
      class="axes"
      color="currentColor"
    >
      <g
        class="horAxis"
        color="currentColor"
        fill="currentColor"
        fill-opacity="0"
        font-family="sans-serif"
        font-size="16px"
        font-style="normal"
        font-weight="100"
        stroke="currentColor"
        stroke-dasharray="none"
        stroke-opacity="1"
        stroke-width="1"
        text-anchor="middle"
        transform="translate(0, 526)"
      >
        <path
          class="domain"
          d="M20.5,5V0.5H980.5V5"
          stroke="currentColor"
        />
        <g
          class="tick"
          opacity="1"
          transform="translate(20.5,0)"
        >
          <line
            fill-opacity="0"
            stroke="currentColor"
            stroke-dasharray="none"
            stroke-opacity="1"
            stroke-width="2"
            y2="5"
          />
          <text
            dy="0.71em"
            fill="currentColor"
            y="8"
          >
            0
          </text>
        </g>
        <g
          class="tick"
          opacity="1"
          transform="translate(404.5,0)"
        >
          <line
            fill-opacity="0"
            stroke="currentColor"
            stroke-dasharray="none"
            stroke-opacity="1"
            stroke-width="2"
            y2="5"
          />
          <text
            dy="0.71em"
            fill="currentColor"
            y="8"
          >
            2
          </text>
        </g>
        <g
          class="tick"
          opacity="1"
          transform="translate(788.5,0)"
        >
          <line
            fill-opacity="0"
            stroke="currentColor"
            stroke-dasharray="none"
            stroke-opacity="1"
            stroke-width="2"
            y2="5"
          />
          <text
            dy="0.71em"
            fill="currentColor"
            y="8"
          >
            4
          </text>
        </g>
      </g>
      <g
        class="verAxis"
        color="currentColor"
        fill="currentColor"
        fill-opacity="0"
        font-family="sans-serif"
        font-size="16px"
        font-style="normal"
        font-weight="100"
        stroke="currentColor"
        stroke-dasharray="none"
        stroke-opacity="1"
        stroke-width="1"
        text-anchor="end"
        transform="translate(20, 0)"
      >
        <path
          class="domain"
          d="M-5,670.5H0.5V20.5H-5"
          stroke="currentColor"
        />
        <g
          class="tick"
          opacity="1"
          transform="translate(0,526.5)"
        >
          <line
            fill-opacity="0"
            stroke="currentColor"
            stroke-dasharray="none"
            stroke-opacity="1"
            stroke-width="2"
            x2="-5"
          />
          <text
            dy="0.32em"
            fill="currentColor"
            x="-8"
          >
            0
          </text>
        </g>
        <g
          class="tick"
          opacity="1"
          transform="translate(0,164.5)"
        >
          <line
            fill-opacity="0"
            stroke="currentColor"
            stroke-dasharray="none"
            stroke-opacity="1"
            stroke-width="2"
            x2="-5"
          />
          <text
            dy="0.32em"
            fill="currentColor"
            x="-8"
          >
            500m
          </text>
        </g>
      </g>
    </g>
    <g
      class="title"
    >
      <text />
    </g>
    <g
      class="series"
    >
      <g
        class="series0"
        style="color: rgb(27, 158, 119);"
      >
        <g
          class="area"
          fill="currentColor"
          fill-opacity="0.5"
        >
          <path
            class="popup"
            d="M20,381C20,381,150.1851682278028,17.7910491095886,212,20C278.5313497993709,22.3774955001284,329.9960050833292,337.76127807093246,404,453C461.8803634227513,543.1310681016391,536.627527984373,677.024894208719,596,670C666.5302468530189,661.6549285243356,708.560142859524,339.04746174262993,788,309C844.2568567363976,287.7213143201104,980,381,980,381L20,526C20,526,148,526,212,526C276,526,340,526,404,526C468,526,532,526,596,526C660,526,724,526,788,526C852,526,980,526,980,526"
          />
        </g>
      </g>
    </g>
    <g
      class="popup"
    />
    <style>
      .popup:hover { filter: brightness(0.8);}
    </style>
  </svg>
  <svg
    class="baseSVG"
    height="100%"
    preserveAspectRatio="xMinYMin meet"
    viewBox="0 0 1000 700"
    width="100%"
  >
    <g
      class="canvas"
    >
      <rect
        class="graphArea"
        fill="#fff"
        fill-opacity="1"
        height="700"
        rx="0"
        ry="0"
        stroke="#00c"
        stroke-dasharray="none"
        stroke-opacity="1"
        stroke-width="1"
        width="1000"
        x="0"
        y="0"
      />
    </g>
    <g
      class="grids"
    >
      <g
        class="hor-major-Grid"
        fill-opacity="0"
        stroke="#444"
        stroke-dasharray="none"
        stroke-opacity="1"
        stroke-width="1"
      >
        <line
          x1="20"
          x2="980"
          y1="526"
          y2="526"
        />
        <line
          x1="20"
          x2="980"
          y1="164"
          y2="164"
        />
      </g>
      <g
        class="hor-minor-Grid"
        fill-opacity="0"
        stroke="#eee"
        stroke-dasharray="none"
        stroke-opacity="1"
        stroke-width="1"
      >
        <line
          x1="20"
          x2="980"
          y1="670"
          y2="670"
        />
        <line
          x1="20"
          x2="980"
          y1="598"
          y2="598"
        />
        <line
          x1="20"
          x2="980"
          y1="526"
          y2="526"
        />
        <line
          x1="20"
          x2="980"
          y1="453"
          y2="453"
        />
        <line
          x1="20"
          x2="980"
          y1="381"
          y2="381"
        />
        <line
          x1="20"
          x2="980"
          y1="309"
          y2="309"
        />
        <line
          x1="20"
          x2="980"
          y1="237"
          y2="237"
        />
        <line
          x1="20"
          x2="980"
          y1="164"
          y2="164"
        />
        <line
          x1="20"
          x2="980"
          y1="92"
          y2="92"
        />
        <line
          x1="20"
          x2="980"
          y1="20"
          y2="20"
        />
      </g>
      <g
        class="ver-major-Grid"
        fill-opacity="0"
        stroke="#444"
        stroke-dasharray="none"
        stroke-opacity="1"
        stroke-width="1"
      >
        <line
          x1="20"
          x2="20"
          y1="670"
          y2="20"
        />
        <line
          x1="500"
          x2="500"
          y1="670"
          y2="20"
        />
        <line
          x1="980"
          x2="980"
          y1="670"
          y2="20"
        />
      </g>
      <g
        class="ver-minor-Grid"
        fill-opacity="0"
        stroke="#eee"
        stroke-dasharray="none"
        stroke-opacity="1"
        stroke-width="1"
      >
        <line
          x1="20"
          x2="20"
          y1="670"
          y2="20"
        />
        <line
          x1="116"
          x2="116"
          y1="670"
          y2="20"
        />
        <line
          x1="212"
          x2="212"
          y1="670"
          y2="20"
        />
        <line
          x1="308"
          x2="308"
          y1="670"
          y2="20"
        />
        <line
          x1="404"
          x2="404"
          y1="670"
          y2="20"
        />
        <line
          x1="500"
          x2="500"
          y1="670"
          y2="20"
        />
        <line
          x1="596"
          x2="596"
          y1="670"
          y2="20"
        />
        <line
          x1="692"
          x2="692"
          y1="670"
          y2="20"
        />
        <line
          x1="788"
          x2="788"
          y1="670"
          y2="20"
        />
        <line
          x1="884"
          x2="884"
          y1="670"
          y2="20"
        />
        <line
          x1="980"
          x2="980"
          y1="670"
          y2="20"
        />
      </g>
    </g>
    <g
      class="axes"
      color="currentColor"
    >
      <g
        class="horAxis"
        color="currentColor"
        fill="currentColor"
        fill-opacity="0"
        font-family="sans-serif"
        font-size="16px"
        font-style="normal"
        font-weight="100"
        stroke="currentColor"
        stroke-dasharray="none"
        stroke-opacity="1"
        stroke-width="1"
        text-anchor="middle"
        transform="translate(0, 526)"
      >
        <path
          class="domain"
          d="M20.5,5V0.5H980.5V5"
          stroke="currentColor"
        />
        <g
          class="tick"
          opacity="1"
          transform="translate(20.5,0)"
        >
          <line
            fill-opacity="0"
            stroke="currentColor"
            stroke-dasharray="none"
            stroke-opacity="1"
            stroke-width="2"
            y2="5"
          />
          <text
            dy="0.71em"
            fill="currentColor"
            y="8"
          >
            −1
          </text>
        </g>
        <g
          class="tick"
          opacity="1"
          transform="translate(500.5,0)"
        >
          <line
            fill-opacity="0"
            stroke="currentColor"
            stroke-dasharray="none"
            stroke-opacity="1"
            stroke-width="2"
            y2="5"
          />
          <text
            dy="0.71em"
            fill="currentColor"
            y="8"
          >
            0
          </text>
        </g>
        <g
          class="tick"
          opacity="1"
          transform="translate(980.5,0)"
        >
          <line
            fill-opacity="0"
            stroke="currentColor"
            stroke-dasharray="none"
            stroke-opacity="1"
            stroke-width="2"
            y2="5"
          />
          <text
            dy="0.71em"
            fill="currentColor"
            y="8"
          >
            1
          </text>
        </g>
      </g>
      <g
        class="verAxis"
        color="currentColor"
        fill="currentColor"
        fill-opacity="0"
        font-family="sans-serif"
        font-size="16px"
        font-style="normal"
        font-weight="100"
        stroke="currentColor"
        stroke-dasharray="none"
        stroke-opacity="1"
        stroke-width="1"
        text-anchor="end"
        transform="translate(500, 0)"
      >
        <path
          class="domain"
          d="M-5,670.5H0.5V20.5H-5"
          stroke="currentColor"
        />
        <g
          class="tick"
          opacity="1"
          transform="translate(0,526.5)"
        >
          <line
            fill-opacity="0"
            stroke="currentColor"
            stroke-dasharray="none"
            stroke-opacity="1"
            stroke-width="2"
            x2="-5"
          />
          <text
            dy="0.32em"
            fill="currentColor"
            x="-8"
          >
            0
          </text>
        </g>
        <g
          class="tick"
          opacity="1"
          transform="translate(0,164.5)"
        >
          <line
            fill-opacity="0"
            stroke="currentColor"
            stroke-dasharray="none"
            stroke-opacity="1"
            stroke-width="2"
            x2="-5"
          />
          <text
            dy="0.32em"
            fill="currentColor"
            x="-8"
          >
            500m
          </text>
        </g>
      </g>
    </g>
    <g
      class="title"
    >
      <text />
    </g>
    <g
      class="series"
    >
      <g
        class="series0"
        style="color: rgb(27, 158, 119);"
      >
        <g
          class="area"
          fill="currentColor"
          fill-opacity="0.5"
        >
          <path
            class="popup"
            d="M20,381C20,381,488.2949533749023,-25.078691516610768,596,20C682.9974685340009,56.41177613915468,653.2144070209224,334.91211389310513,692,453C720.3696074483285,539.3750355721702,758.8809504767211,672.2846942736428,788,670C824.535310257821,667.1334224331366,836.3891734313075,325.50450647858645,884,309C910.9850979585534,299.6454948132511,980,381,980,381L980,526C980,526,916.0000000000002,526.0000000000001,884,526C852.0000000000001,526.0000000000001,820.0000000000001,526.0000000000001,788,526C756.0000000000001,526.0000000000001,724.0000000000001,526.0000000000001,692,526C660.0000000000001,526.0000000000001,641.4465312923752,525.9999999999999,596,526C484.6791877542519,526,20,526,20,526"
          />
        </g>
      </g>
      <g
        class="series1"
        style="color: rgb(217, 95, 2);"
      >
        <g
          class="area"
          fill="currentColor"
          fill-opacity="0.5"
        >
          <path
            class="popup"
            d="M20,309C20,309,487.60608567336305,409.7855688404698,596,381C645.2834310775637,367.9120733687801,662.4325545917798,303.93531157010705,692,309C727.5082801244109,315.0823102242544,759.3854915172368,456.84712459591697,788,453C825.957106133834,447.8967945164857,840.4311328458133,177.47622895893508,884,164C911.4183577438225,155.5192638512697,980,237,980,237L980,381C980,381,910.9850979585534,299.6454948132511,884,309C836.3891734313075,325.50450647858645,824.535310257821,667.1334224331366,788,670C758.8809504767211,672.2846942736428,720.3696074483285,539.3750355721702,692,453C653.2144070209224,334.91211389310513,682.9974685340007,56.41177613915468,596,20C488.2949533749023,-25.078691516610768,20,381,20,381"
          />
        </g>
      </g>
    </g>
    <g
      class="popup"
    />
    <style>
      .popup:hover { filter: brightness(0.8);}
    </style>
  </svg>
  <svg
    class="baseSVG"
    height="100%"
    preserveAspectRatio="xMinYMin meet"
    viewBox="0 0 1000 700"
    width="100%"
  >
    <g
      class="canvas"
    >
      <rect
        class="graphArea"
        fill="#fff"
        fill-opacity="1"
        height="700"
        rx="0"
        ry="0"
        stroke="#00c"
        stroke-dasharray="none"
        stroke-opacity="1"
        stroke-width="1"
        width="1000"
        x="0"
        y="0"
      />
    </g>
    <g
      class="grids"
    >
      <g
        class="hor-major-Grid"
        fill-opacity="0"
        stroke="#444"
        stroke-dasharray="none"
        stroke-opacity="1"
        stroke-width="1"
      >
        <line
          x1="20"
          x2="980"
          y1="526"
          y2="526"
        />
        <line
          x1="20"
          x2="980"
          y1="164"
          y2="164"
        />
      </g>
      <g
        class="hor-minor-Grid"
        fill-opacity="0"
        stroke="#eee"
        stroke-dasharray="none"
        stroke-opacity="1"
        stroke-width="1"
      >
        <line
          x1="20"
          x2="980"
          y1="670"
          y2="670"
        />
        <line
          x1="20"
          x2="980"
          y1="598"
          y2="598"
        />
        <line
          x1="20"
          x2="980"
          y1="526"
          y2="526"
        />
        <line
          x1="20"
          x2="980"
          y1="453"
          y2="453"
        />
        <line
          x1="20"
          x2="980"
          y1="381"
          y2="381"
        />
        <line
          x1="20"
          x2="980"
          y1="309"
          y2="309"
        />
        <line
          x1="20"
          x2="980"
          y1="237"
          y2="237"
        />
        <line
          x1="20"
          x2="980"
          y1="164"
          y2="164"
        />
        <line
          x1="20"
          x2="980"
          y1="92"
          y2="92"
        />
        <line
          x1="20"
          x2="980"
          y1="20"
          y2="20"
        />
      </g>
      <g
        class="ver-major-Grid"
        fill-opacity="0"
        stroke="#444"
        stroke-dasharray="none"
        stroke-opacity="1"
        stroke-width="1"
      >
        <line
          x1="20"
          x2="20"
          y1="670"
          y2="20"
        />
        <line
          x1="500"
          x2="500"
          y1="670"
          y2="20"
        />
        <line
          x1="980"
          x2="980"
          y1="670"
          y2="20"
        />
      </g>
      <g
        class="ver-minor-Grid"
        fill-opacity="0"
        stroke="#eee"
        stroke-dasharray="none"
        stroke-opacity="1"
        stroke-width="1"
      >
        <line
          x1="20"
          x2="20"
          y1="670"
          y2="20"
        />
        <line
          x1="116"
          x2="116"
          y1="670"
          y2="20"
        />
        <line
          x1="212"
          x2="212"
          y1="670"
          y2="20"
        />
        <line
          x1="308"
          x2="308"
          y1="670"
          y2="20"
        />
        <line
          x1="404"
          x2="404"
          y1="670"
          y2="20"
        />
        <line
          x1="500"
          x2="500"
          y1="670"
          y2="20"
        />
        <line
          x1="596"
          x2="596"
          y1="670"
          y2="20"
        />
        <line
          x1="692"
          x2="692"
          y1="670"
          y2="20"
        />
        <line
          x1="788"
          x2="788"
          y1="670"
          y2="20"
        />
        <line
          x1="884"
          x2="884"
          y1="670"
          y2="20"
        />
        <line
          x1="980"
          x2="980"
          y1="670"
          y2="20"
        />
      </g>
    </g>
    <g
      class="axes"
      color="currentColor"
    >
      <g
        class="horAxis"
        color="currentColor"
        fill="currentColor"
        fill-opacity="0"
        font-family="sans-serif"
        font-size="16px"
        font-style="normal"
        font-weight="100"
        stroke="currentColor"
        stroke-dasharray="none"
        stroke-opacity="1"
        stroke-width="1"
        text-anchor="middle"
        transform="translate(0, 526)"
      >
        <path
          class="domain"
          d="M20.5,5V0.5H980.5V5"
          stroke="currentColor"
        />
        <g
          class="tick"
          opacity="1"
          transform="translate(20.5,0)"
        >
          <line
            fill-opacity="0"
            stroke="currentColor"
            stroke-dasharray="none"
            stroke-opacity="1"
            stroke-width="2"
            y2="5"
          />
          <text
            dy="0.71em"
            fill="currentColor"
            y="8"
          >
            −1
          </text>
        </g>
        <g
          class="tick"
          opacity="1"
          transform="translate(500.5,0)"
        >
          <line
            fill-opacity="0"
            stroke="currentColor"
            stroke-dasharray="none"
            stroke-opacity="1"
            stroke-width="2"
            y2="5"
          />
          <text
            dy="0.71em"
            fill="currentColor"
            y="8"
          >
            0
          </text>
        </g>
        <g
          class="tick"
          opacity="1"
          transform="translate(980.5,0)"
        >
          <line
            fill-opacity="0"
            stroke="currentColor"
            stroke-dasharray="none"
            stroke-opacity="1"
            stroke-width="2"
            y2="5"
          />
          <text
            dy="0.71em"
            fill="currentColor"
            y="8"
          >
            1
          </text>
        </g>
      </g>
      <g
        class="verAxis"
        color="currentColor"
        fill="currentColor"
        fill-opacity="0"
        font-family="sans-serif"
        font-size="16px"
        font-style="normal"
        font-weight="100"
        stroke="currentColor"
        stroke-dasharray="none"
        stroke-opacity="1"
        stroke-width="1"
        text-anchor="end"
        transform="translate(500, 0)"
      >
        <path
          class="domain"
          d="M-5,670.5H0.5V20.5H-5"
          stroke="currentColor"
        />
        <g
          class="tick"
          opacity="1"
          transform="translate(0,526.5)"
        >
          <line
            fill-opacity="0"
            stroke="currentColor"
            stroke-dasharray="none"
            stroke-opacity="1"
            stroke-width="2"
            x2="-5"
          />
          <text
            dy="0.32em"
            fill="currentColor"
            x="-8"
          >
            0
          </text>
        </g>
        <g
          class="tick"
          opacity="1"
          transform="translate(0,164.5)"
        >
          <line
            fill-opacity="0"
            stroke="currentColor"
            stroke-dasharray="none"
            stroke-opacity="1"
            stroke-width="2"
            x2="-5"
          />
          <text
            dy="0.32em"
            fill="currentColor"
            x="-8"
          >
            500m
          </text>
        </g>
      </g>
    </g>
    <g
      class="title"
    >
      <text />
    </g>
    <g
      class="series"
    >
      <g
        class="series0"
        style="color: rgb(27, 158, 119);"
      >
        <g
          class="area"
          fill="currentColor"
          fill-opacity="0.5"
        >
          <path
            class="popup"
            d="M20,381C20,381,488.2949533749023,-25.078691516610768,596,20C682.9974685340009,56.41177613915468,653.2144070209224,334.91211389310513,692,453C720.3696074483285,539.3750355721702,758.8809504767211,672.2846942736428,788,670C824.535310257821,667.1334224331366,836.3891734313075,325.50450647858645,884,309C910.9850979585534,299.6454948132511,980,381,980,381L980,526C980,526,916.0000000000002,526.0000000000001,884,526C852.0000000000001,526.0000000000001,820.0000000000001,526.0000000000001,788,526C756.0000000000001,526.0000000000001,724.0000000000001,526.0000000000001,692,526C660.0000000000001,526.0000000000001,641.4465312923752,525.9999999999999,596,526C484.6791877542519,526,20,526,20,526"
          />
        </g>
        <g
          class="label"
          fill="#000"
          font-family="sans-serif"
          font-size="16px"
          font-style="normal"
          font-weight="100"
        >
          <text
            class="popup"
            dominant-baseline="middle"
            dx="0.0em"
            dy="0.0em"
            text-anchor="middle"
            x="980"
            y="381"
          >
            1.0
          </text>
          <text
            class="popup"
            dominant-baseline="middle"
            dx="0.0em"
            dy="0.0em"
            text-anchor="middle"
            x="884"
            y="309"
          >
            0.8
          </text>
          <text
            class="popup"
            dominant-baseline="middle"
            dx="0.0em"
            dy="0.0em"
            text-anchor="middle"
            x="788"
            y="670"
          >
            0.6
          </text>
          <text
            class="popup"
            dominant-baseline="middle"
            dx="0.0em"
            dy="0.0em"
            text-anchor="middle"
            x="692"
            y="453"
          >
            0.4
          </text>
          <text
            class="popup"
            dominant-baseline="middle"
            dx="0.0em"
            dy="0.0em"
            text-anchor="middle"
            x="596"
            y="20"
          >
            0.2
          </text>
          <text
            class="popup"
            dominant-baseline="middle"
            dx="0.0em"
            dy="0.0em"
            text-anchor="middle"
            x="20"
            y="381"
          >
            -1.0
          </text>
        </g>
      </g>
      <g
        class="series1"
        style="color: rgb(217, 95, 2);"
      >
        <g
          class="area"
          fill="currentColor"
          fill-opacity="0.5"
        >
          <path
            class="popup"
            d="M20,381C20,381,488.2949533749023,-25.078691516610768,596,20C682.9974685340009,56.41177613915468,653.2144070209224,334.91211389310513,692,453C720.3696074483285,539.3750355721702,758.8809504767211,672.2846942736428,788,670C824.535310257821,667.1334224331366,836.3891734313075,325.50450647858645,884,309C910.9850979585534,299.6454948132511,980,381,980,381L980,526C980,526,916.0000000000002,526.0000000000001,884,526C852.0000000000001,526.0000000000001,820.0000000000001,526.0000000000001,788,526C756.0000000000001,526.0000000000001,724.0000000000001,526.0000000000001,692,526C660.0000000000001,526.0000000000001,641.4465312923752,525.9999999999999,596,526C484.6791877542519,526,20,526,20,526"
          />
        </g>
        <g
          class="label"
          fill="#000"
          font-family="sans-serif"
          font-size="16px"
          font-style="normal"
          font-weight="100"
        >
          <text
            class="popup"
            dominant-baseline="middle"
            dx="0.0em"
            dy="0.0em"
            text-anchor="middle"
            x="980"
            y="381"
          >
            0.0
          </text>
          <text
            class="popup"
            dominant-baseline="middle"
            dx="0.0em"
            dy="0.0em"
            text-anchor="middle"
            x="884"
            y="309"
          >
            1.0
          </text>
          <text
            class="popup"
            dominant-baseline="middle"
            dx="0.0em"
            dy="0.0em"
            text-anchor="middle"
            x="788"
            y="670"
          >
            2.0
          </text>
          <text
            class="popup"
            dominant-baseline="middle"
            dx="0.0em"
            dy="0.0em"
            text-anchor="middle"
            x="692"
            y="453"
          >
            3.0
          </text>
          <text
            class="popup"
            dominant-baseline="middle"
            dx="0.0em"
            dy="0.0em"
            text-anchor="middle"
            x="596"
            y="20"
          >
            4.0
          </text>
          <text
            class="popup"
            dominant-baseline="middle"
            dx="0.0em"
            dy="0.0em"
            text-anchor="middle"
            x="20"
            y="381"
          >
            5.0
          </text>
        </g>
      </g>
    </g>
    <g
      class="popup"
    />
    <style>
      .popup:hover { filter: brightness(0.8);}
    </style>
  </svg>
</div>
`;

exports[`Area labels should plot area 2`] = `
<div
  style="width: 300px; height: 300px;"
>
  <svg
    class="baseSVG"
    height="100%"
    preserveAspectRatio="xMinYMin meet"
    viewBox="0 0 1000 700"
    width="100%"
  >
    <g
      class="canvas"
    >
      <rect
        class="graphArea"
        fill="#fff"
        fill-opacity="1"
        height="700"
        rx="0"
        ry="0"
        stroke="#00c"
        stroke-dasharray="none"
        stroke-opacity="1"
        stroke-width="1"
        width="1000"
        x="0"
        y="0"
      />
    </g>
    <g
      class="grids"
    >
      <g
        class="hor-major-Grid"
        fill-opacity="0"
        stroke="#444"
        stroke-dasharray="none"
        stroke-opacity="1"
        stroke-width="1"
      >
        <line
          x1="20"
          x2="980"
          y1="526"
          y2="526"
        />
        <line
          x1="20"
          x2="980"
          y1="164"
          y2="164"
        />
      </g>
      <g
        class="hor-minor-Grid"
        fill-opacity="0"
        stroke="#eee"
        stroke-dasharray="none"
        stroke-opacity="1"
        stroke-width="1"
      >
        <line
          x1="20"
          x2="980"
          y1="670"
          y2="670"
        />
        <line
          x1="20"
          x2="980"
          y1="598"
          y2="598"
        />
        <line
          x1="20"
          x2="980"
          y1="526"
          y2="526"
        />
        <line
          x1="20"
          x2="980"
          y1="453"
          y2="453"
        />
        <line
          x1="20"
          x2="980"
          y1="381"
          y2="381"
        />
        <line
          x1="20"
          x2="980"
          y1="309"
          y2="309"
        />
        <line
          x1="20"
          x2="980"
          y1="237"
          y2="237"
        />
        <line
          x1="20"
          x2="980"
          y1="164"
          y2="164"
        />
        <line
          x1="20"
          x2="980"
          y1="92"
          y2="92"
        />
        <line
          x1="20"
          x2="980"
          y1="20"
          y2="20"
        />
      </g>
      <g
        class="ver-major-Grid"
        fill-opacity="0"
        stroke="#444"
        stroke-dasharray="none"
        stroke-opacity="1"
        stroke-width="1"
      >
        <line
          x1="20"
          x2="20"
          y1="670"
          y2="20"
        />
        <line
          x1="404"
          x2="404"
          y1="670"
          y2="20"
        />
        <line
          x1="788"
          x2="788"
          y1="670"
          y2="20"
        />
      </g>
      <g
        class="ver-minor-Grid"
        fill-opacity="0"
        stroke="#eee"
        stroke-dasharray="none"
        stroke-opacity="1"
        stroke-width="1"
      >
        <line
          x1="20"
          x2="20"
          y1="670"
          y2="20"
        />
        <line
          x1="116"
          x2="116"
          y1="670"
          y2="20"
        />
        <line
          x1="212"
          x2="212"
          y1="670"
          y2="20"
        />
        <line
          x1="308"
          x2="308"
          y1="670"
          y2="20"
        />
        <line
          x1="404"
          x2="404"
          y1="670"
          y2="20"
        />
        <line
          x1="500"
          x2="500"
          y1="670"
          y2="20"
        />
        <line
          x1="596"
          x2="596"
          y1="670"
          y2="20"
        />
        <line
          x1="692"
          x2="692"
          y1="670"
          y2="20"
        />
        <line
          x1="788"
          x2="788"
          y1="670"
          y2="20"
        />
        <line
          x1="884"
          x2="884"
          y1="670"
          y2="20"
        />
        <line
          x1="980"
          x2="980"
          y1="670"
          y2="20"
        />
      </g>
    </g>
    <g
      class="axes"
      color="currentColor"
    >
      <g
        class="horAxis"
        color="currentColor"
        fill="currentColor"
        fill-opacity="0"
        font-family="sans-serif"
        font-size="16px"
        font-style="normal"
        font-weight="100"
        stroke="currentColor"
        stroke-dasharray="none"
        stroke-opacity="1"
        stroke-width="1"
        text-anchor="middle"
        transform="translate(0, 526)"
      >
        <path
          class="domain"
          d="M20.5,5V0.5H980.5V5"
          stroke="currentColor"
        />
        <g
          class="tick"
          opacity="1"
          transform="translate(20.5,0)"
        >
          <line
            fill-opacity="0"
            stroke="currentColor"
            stroke-dasharray="none"
            stroke-opacity="1"
            stroke-width="2"
            y2="5"
          />
          <text
            dy="0.71em"
            fill="currentColor"
            y="8"
          >
            0
          </text>
        </g>
        <g
          class="tick"
          opacity="1"
          transform="translate(404.5,0)"
        >
          <line
            fill-opacity="0"
            stroke="currentColor"
            stroke-dasharray="none"
            stroke-opacity="1"
            stroke-width="2"
            y2="5"
          />
          <text
            dy="0.71em"
            fill="currentColor"
            y="8"
          >
            2
          </text>
        </g>
        <g
          class="tick"
          opacity="1"
          transform="translate(788.5,0)"
        >
          <line
            fill-opacity="0"
            stroke="currentColor"
            stroke-dasharray="none"
            stroke-opacity="1"
            stroke-width="2"
            y2="5"
          />
          <text
            dy="0.71em"
            fill="currentColor"
            y="8"
          >
            4
          </text>
        </g>
      </g>
      <g
        class="verAxis"
        color="currentColor"
        fill="currentColor"
        fill-opacity="0"
        font-family="sans-serif"
        font-size="16px"
        font-style="normal"
        font-weight="100"
        stroke="currentColor"
        stroke-dasharray="none"
        stroke-opacity="1"
        stroke-width="1"
        text-anchor="end"
        transform="translate(20, 0)"
      >
        <path
          class="domain"
          d="M-5,670.5H0.5V20.5H-5"
          stroke="currentColor"
        />
        <g
          class="tick"
          opacity="1"
          transform="translate(0,526.5)"
        >
          <line
            fill-opacity="0"
            stroke="currentColor"
            stroke-dasharray="none"
            stroke-opacity="1"
            stroke-width="2"
            x2="-5"
          />
          <text
            dy="0.32em"
            fill="currentColor"
            x="-8"
          >
            0
          </text>
        </g>
        <g
          class="tick"
          opacity="1"
          transform="translate(0,164.5)"
        >
          <line
            fill-opacity="0"
            stroke="currentColor"
            stroke-dasharray="none"
            stroke-opacity="1"
            stroke-width="2"
            x2="-5"
          />
          <text
            dy="0.32em"
            fill="currentColor"
            x="-8"
          >
            500m
          </text>
        </g>
      </g>
    </g>
    <g
      class="title"
    >
      <text />
    </g>
    <g
      class="series"
    >
      <g
        class="series0"
        style="color: rgb(27, 158, 119);"
      >
        <g
          class="area"
          fill="currentColor"
          fill-opacity="0.5"
        >
          <path
            class="popup"
            d="M20,381C20,381,150.1851682278028,17.7910491095886,212,20C278.5313497993709,22.3774955001284,329.9960050833292,337.76127807093246,404,453C461.8803634227513,543.1310681016391,536.627527984373,677.024894208719,596,670C666.5302468530189,661.6549285243356,708.560142859524,339.04746174262993,788,309C844.2568567363976,287.7213143201104,980,381,980,381L20,526C20,526,148,526,212,526C276,526,340,526,404,526C468,526,532,526,596,526C660,526,724,526,788,526C852,526,980,526,980,526"
          />
        </g>
      </g>
    </g>
    <g
      class="popup"
    />
    <style>
      .popup:hover { filter: brightness(0.8);}
    </style>
  </svg>
  <svg
    class="baseSVG"
    height="100%"
    preserveAspectRatio="xMinYMin meet"
    viewBox="0 0 1000 700"
    width="100%"
  >
    <g
      class="canvas"
    >
      <rect
        class="graphArea"
        fill="#fff"
        fill-opacity="1"
        height="700"
        rx="0"
        ry="0"
        stroke="#00c"
        stroke-dasharray="none"
        stroke-opacity="1"
        stroke-width="1"
        width="1000"
        x="0"
        y="0"
      />
    </g>
    <g
      class="grids"
    >
      <g
        class="hor-major-Grid"
        fill-opacity="0"
        stroke="#444"
        stroke-dasharray="none"
        stroke-opacity="1"
        stroke-width="1"
      >
        <line
          x1="20"
          x2="980"
          y1="526"
          y2="526"
        />
        <line
          x1="20"
          x2="980"
          y1="164"
          y2="164"
        />
      </g>
      <g
        class="hor-minor-Grid"
        fill-opacity="0"
        stroke="#eee"
        stroke-dasharray="none"
        stroke-opacity="1"
        stroke-width="1"
      >
        <line
          x1="20"
          x2="980"
          y1="670"
          y2="670"
        />
        <line
          x1="20"
          x2="980"
          y1="598"
          y2="598"
        />
        <line
          x1="20"
          x2="980"
          y1="526"
          y2="526"
        />
        <line
          x1="20"
          x2="980"
          y1="453"
          y2="453"
        />
        <line
          x1="20"
          x2="980"
          y1="381"
          y2="381"
        />
        <line
          x1="20"
          x2="980"
          y1="309"
          y2="309"
        />
        <line
          x1="20"
          x2="980"
          y1="237"
          y2="237"
        />
        <line
          x1="20"
          x2="980"
          y1="164"
          y2="164"
        />
        <line
          x1="20"
          x2="980"
          y1="92"
          y2="92"
        />
        <line
          x1="20"
          x2="980"
          y1="20"
          y2="20"
        />
      </g>
      <g
        class="ver-major-Grid"
        fill-opacity="0"
        stroke="#444"
        stroke-dasharray="none"
        stroke-opacity="1"
        stroke-width="1"
      >
        <line
          x1="20"
          x2="20"
          y1="670"
          y2="20"
        />
        <line
          x1="500"
          x2="500"
          y1="670"
          y2="20"
        />
        <line
          x1="980"
          x2="980"
          y1="670"
          y2="20"
        />
      </g>
      <g
        class="ver-minor-Grid"
        fill-opacity="0"
        stroke="#eee"
        stroke-dasharray="none"
        stroke-opacity="1"
        stroke-width="1"
      >
        <line
          x1="20"
          x2="20"
          y1="670"
          y2="20"
        />
        <line
          x1="116"
          x2="116"
          y1="670"
          y2="20"
        />
        <line
          x1="212"
          x2="212"
          y1="670"
          y2="20"
        />
        <line
          x1="308"
          x2="308"
          y1="670"
          y2="20"
        />
        <line
          x1="404"
          x2="404"
          y1="670"
          y2="20"
        />
        <line
          x1="500"
          x2="500"
          y1="670"
          y2="20"
        />
        <line
          x1="596"
          x2="596"
          y1="670"
          y2="20"
        />
        <line
          x1="692"
          x2="692"
          y1="670"
          y2="20"
        />
        <line
          x1="788"
          x2="788"
          y1="670"
          y2="20"
        />
        <line
          x1="884"
          x2="884"
          y1="670"
          y2="20"
        />
        <line
          x1="980"
          x2="980"
          y1="670"
          y2="20"
        />
      </g>
    </g>
    <g
      class="axes"
      color="currentColor"
    >
      <g
        class="horAxis"
        color="currentColor"
        fill="currentColor"
        fill-opacity="0"
        font-family="sans-serif"
        font-size="16px"
        font-style="normal"
        font-weight="100"
        stroke="currentColor"
        stroke-dasharray="none"
        stroke-opacity="1"
        stroke-width="1"
        text-anchor="middle"
        transform="translate(0, 526)"
      >
        <path
          class="domain"
          d="M20.5,5V0.5H980.5V5"
          stroke="currentColor"
        />
        <g
          class="tick"
          opacity="1"
          transform="translate(20.5,0)"
        >
          <line
            fill-opacity="0"
            stroke="currentColor"
            stroke-dasharray="none"
            stroke-opacity="1"
            stroke-width="2"
            y2="5"
          />
          <text
            dy="0.71em"
            fill="currentColor"
            y="8"
          >
            −1
          </text>
        </g>
        <g
          class="tick"
          opacity="1"
          transform="translate(500.5,0)"
        >
          <line
            fill-opacity="0"
            stroke="currentColor"
            stroke-dasharray="none"
            stroke-opacity="1"
            stroke-width="2"
            y2="5"
          />
          <text
            dy="0.71em"
            fill="currentColor"
            y="8"
          >
            0
          </text>
        </g>
        <g
          class="tick"
          opacity="1"
          transform="translate(980.5,0)"
        >
          <line
            fill-opacity="0"
            stroke="currentColor"
            stroke-dasharray="none"
            stroke-opacity="1"
            stroke-width="2"
            y2="5"
          />
          <text
            dy="0.71em"
            fill="currentColor"
            y="8"
          >
            1
          </text>
        </g>
      </g>
      <g
        class="verAxis"
        color="currentColor"
        fill="currentColor"
        fill-opacity="0"
        font-family="sans-serif"
        font-size="16px"
        font-style="normal"
        font-weight="100"
        stroke="currentColor"
        stroke-dasharray="none"
        stroke-opacity="1"
        stroke-width="1"
        text-anchor="end"
        transform="translate(500, 0)"
      >
        <path
          class="domain"
          d="M-5,670.5H0.5V20.5H-5"
          stroke="currentColor"
        />
        <g
          class="tick"
          opacity="1"
          transform="translate(0,526.5)"
        >
          <line
            fill-opacity="0"
            stroke="currentColor"
            stroke-dasharray="none"
            stroke-opacity="1"
            stroke-width="2"
            x2="-5"
          />
          <text
            dy="0.32em"
            fill="currentColor"
            x="-8"
          >
            0
          </text>
        </g>
        <g
          class="tick"
          opacity="1"
          transform="translate(0,164.5)"
        >
          <line
            fill-opacity="0"
            stroke="currentColor"
            stroke-dasharray="none"
            stroke-opacity="1"
            stroke-width="2"
            x2="-5"
          />
          <text
            dy="0.32em"
            fill="currentColor"
            x="-8"
          >
            500m
          </text>
        </g>
      </g>
    </g>
    <g
      class="title"
    >
      <text />
    </g>
    <g
      class="series"
    >
      <g
        class="series0"
        style="color: rgb(27, 158, 119);"
      >
        <g
          class="area"
          fill="currentColor"
          fill-opacity="0.5"
        >
          <path
            class="popup"
            d="M20,381C20,381,488.2949533749023,-25.078691516610768,596,20C682.9974685340009,56.41177613915468,653.2144070209224,334.91211389310513,692,453C720.3696074483285,539.3750355721702,758.8809504767211,672.2846942736428,788,670C824.535310257821,667.1334224331366,836.3891734313075,325.50450647858645,884,309C910.9850979585534,299.6454948132511,980,381,980,381L980,526C980,526,916.0000000000002,526.0000000000001,884,526C852.0000000000001,526.0000000000001,820.0000000000001,526.0000000000001,788,526C756.0000000000001,526.0000000000001,724.0000000000001,526.0000000000001,692,526C660.0000000000001,526.0000000000001,641.4465312923752,525.9999999999999,596,526C484.6791877542519,526,20,526,20,526"
          />
        </g>
      </g>
      <g
        class="series1"
        style="color: rgb(217, 95, 2);"
      >
        <g
          class="area"
          fill="currentColor"
          fill-opacity="0.5"
        >
          <path
            class="popup"
            d="M20,309C20,309,487.60608567336305,409.7855688404698,596,381C645.2834310775637,367.9120733687801,662.4325545917798,303.93531157010705,692,309C727.5082801244109,315.0823102242544,759.3854915172368,456.84712459591697,788,453C825.957106133834,447.8967945164857,840.4311328458133,177.47622895893508,884,164C911.4183577438225,155.5192638512697,980,237,980,237L980,381C980,381,910.9850979585534,299.6454948132511,884,309C836.3891734313075,325.50450647858645,824.535310257821,667.1334224331366,788,670C758.8809504767211,672.2846942736428,720.3696074483285,539.3750355721702,692,453C653.2144070209224,334.91211389310513,682.9974685340007,56.41177613915468,596,20C488.2949533749023,-25.078691516610768,20,381,20,381"
          />
        </g>
      </g>
    </g>
    <g
      class="popup"
    />
    <style>
      .popup:hover { filter: brightness(0.8);}
    </style>
  </svg>
  <svg
    class="baseSVG"
    height="100%"
    preserveAspectRatio="xMinYMin meet"
    viewBox="0 0 1000 700"
    width="100%"
  >
    <g
      class="canvas"
    >
      <rect
        class="graphArea"
        fill="#fff"
        fill-opacity="1"
        height="700"
        rx="0"
        ry="0"
        stroke="#00c"
        stroke-dasharray="none"
        stroke-opacity="1"
        stroke-width="1"
        width="1000"
        x="0"
        y="0"
      />
    </g>
    <g
      class="grids"
    >
      <g
        class="hor-major-Grid"
        fill-opacity="0"
        stroke="#444"
        stroke-dasharray="none"
        stroke-opacity="1"
        stroke-width="1"
      >
        <line
          x1="20"
          x2="980"
          y1="526"
          y2="526"
        />
        <line
          x1="20"
          x2="980"
          y1="164"
          y2="164"
        />
      </g>
      <g
        class="hor-minor-Grid"
        fill-opacity="0"
        stroke="#eee"
        stroke-dasharray="none"
        stroke-opacity="1"
        stroke-width="1"
      >
        <line
          x1="20"
          x2="980"
          y1="670"
          y2="670"
        />
        <line
          x1="20"
          x2="980"
          y1="598"
          y2="598"
        />
        <line
          x1="20"
          x2="980"
          y1="526"
          y2="526"
        />
        <line
          x1="20"
          x2="980"
          y1="453"
          y2="453"
        />
        <line
          x1="20"
          x2="980"
          y1="381"
          y2="381"
        />
        <line
          x1="20"
          x2="980"
          y1="309"
          y2="309"
        />
        <line
          x1="20"
          x2="980"
          y1="237"
          y2="237"
        />
        <line
          x1="20"
          x2="980"
          y1="164"
          y2="164"
        />
        <line
          x1="20"
          x2="980"
          y1="92"
          y2="92"
        />
        <line
          x1="20"
          x2="980"
          y1="20"
          y2="20"
        />
      </g>
      <g
        class="ver-major-Grid"
        fill-opacity="0"
        stroke="#444"
        stroke-dasharray="none"
        stroke-opacity="1"
        stroke-width="1"
      >
        <line
          x1="20"
          x2="20"
          y1="670"
          y2="20"
        />
        <line
          x1="500"
          x2="500"
          y1="670"
          y2="20"
        />
        <line
          x1="980"
          x2="980"
          y1="670"
          y2="20"
        />
      </g>
      <g
        class="ver-minor-Grid"
        fill-opacity="0"
        stroke="#eee"
        stroke-dasharray="none"
        stroke-opacity="1"
        stroke-width="1"
      >
        <line
          x1="20"
          x2="20"
          y1="670"
          y2="20"
        />
        <line
          x1="116"
          x2="116"
          y1="670"
          y2="20"
        />
        <line
          x1="212"
          x2="212"
          y1="670"
          y2="20"
        />
        <line
          x1="308"
          x2="308"
          y1="670"
          y2="20"
        />
        <line
          x1="404"
          x2="404"
          y1="670"
          y2="20"
        />
        <line
          x1="500"
          x2="500"
          y1="670"
          y2="20"
        />
        <line
          x1="596"
          x2="596"
          y1="670"
          y2="20"
        />
        <line
          x1="692"
          x2="692"
          y1="670"
          y2="20"
        />
        <line
          x1="788"
          x2="788"
          y1="670"
          y2="20"
        />
        <line
          x1="884"
          x2="884"
          y1="670"
          y2="20"
        />
        <line
          x1="980"
          x2="980"
          y1="670"
          y2="20"
        />
      </g>
    </g>
    <g
      class="axes"
      color="currentColor"
    >
      <g
        class="horAxis"
        color="currentColor"
        fill="currentColor"
        fill-opacity="0"
        font-family="sans-serif"
        font-size="16px"
        font-style="normal"
        font-weight="100"
        stroke="currentColor"
        stroke-dasharray="none"
        stroke-opacity="1"
        stroke-width="1"
        text-anchor="middle"
        transform="translate(0, 526)"
      >
        <path
          class="domain"
          d="M20.5,5V0.5H980.5V5"
          stroke="currentColor"
        />
        <g
          class="tick"
          opacity="1"
          transform="translate(20.5,0)"
        >
          <line
            fill-opacity="0"
            stroke="currentColor"
            stroke-dasharray="none"
            stroke-opacity="1"
            stroke-width="2"
            y2="5"
          />
          <text
            dy="0.71em"
            fill="currentColor"
            y="8"
          >
            −1
          </text>
        </g>
        <g
          class="tick"
          opacity="1"
          transform="translate(500.5,0)"
        >
          <line
            fill-opacity="0"
            stroke="currentColor"
            stroke-dasharray="none"
            stroke-opacity="1"
            stroke-width="2"
            y2="5"
          />
          <text
            dy="0.71em"
            fill="currentColor"
            y="8"
          >
            0
          </text>
        </g>
        <g
          class="tick"
          opacity="1"
          transform="translate(980.5,0)"
        >
          <line
            fill-opacity="0"
            stroke="currentColor"
            stroke-dasharray="none"
            stroke-opacity="1"
            stroke-width="2"
            y2="5"
          />
          <text
            dy="0.71em"
            fill="currentColor"
            y="8"
          >
            1
          </text>
        </g>
      </g>
      <g
        class="verAxis"
        color="currentColor"
        fill="currentColor"
        fill-opacity="0"
        font-family="sans-serif"
        font-size="16px"
        font-style="normal"
        font-weight="100"
        stroke="currentColor"
        stroke-dasharray="none"
        stroke-opacity="1"
        stroke-width="1"
        text-anchor="end"
        transform="translate(500, 0)"
      >
        <path
          class="domain"
          d="M-5,670.5H0.5V20.5H-5"
          stroke="currentColor"
        />
        <g
          class="tick"
          opacity="1"
          transform="translate(0,526.5)"
        >
          <line
            fill-opacity="0"
            stroke="currentColor"
            stroke-dasharray="none"
            stroke-opacity="1"
            stroke-width="2"
            x2="-5"
          />
          <text
            dy="0.32em"
            fill="currentColor"
            x="-8"
          >
            0
          </text>
        </g>
        <g
          class="tick"
          opacity="1"
          transform="translate(0,164.5)"
        >
          <line
            fill-opacity="0"
            stroke="currentColor"
            stroke-dasharray="none"
            stroke-opacity="1"
            stroke-width="2"
            x2="-5"
          />
          <text
            dy="0.32em"
            fill="currentColor"
            x="-8"
          >
            500m
          </text>
        </g>
      </g>
    </g>
    <g
      class="title"
    >
      <text />
    </g>
    <g
      class="series"
    >
      <g
        class="series0"
        style="color: rgb(27, 158, 119);"
      >
        <g
          class="area"
          fill="currentColor"
          fill-opacity="0.5"
        >
          <path
            class="popup"
            d="M20,381C20,381,488.2949533749023,-25.078691516610768,596,20C682.9974685340009,56.41177613915468,653.2144070209224,334.91211389310513,692,453C720.3696074483285,539.3750355721702,758.8809504767211,672.2846942736428,788,670C824.535310257821,667.1334224331366,836.3891734313075,325.50450647858645,884,309C910.9850979585534,299.6454948132511,980,381,980,381L980,526C980,526,916.0000000000002,526.0000000000001,884,526C852.0000000000001,526.0000000000001,820.0000000000001,526.0000000000001,788,526C756.0000000000001,526.0000000000001,724.0000000000001,526.0000000000001,692,526C660.0000000000001,526.0000000000001,641.4465312923752,525.9999999999999,596,526C484.6791877542519,526,20,526,20,526"
          />
        </g>
        <g
          class="label"
          fill="#000"
          font-family="sans-serif"
          font-size="16px"
          font-style="normal"
          font-weight="100"
        >
          <text
            class="popup"
            dominant-baseline="middle"
            dx="0.0em"
            dy="0.0em"
            text-anchor="middle"
            x="980"
            y="381"
          >
            1.0
          </text>
          <text
            class="popup"
            dominant-baseline="middle"
            dx="0.0em"
            dy="0.0em"
            text-anchor="middle"
            x="884"
            y="309"
          >
            0.8
          </text>
          <text
            class="popup"
            dominant-baseline="middle"
            dx="0.0em"
            dy="0.0em"
            text-anchor="middle"
            x="788"
            y="670"
          >
            0.6
          </text>
          <text
            class="popup"
            dominant-baseline="middle"
            dx="0.0em"
            dy="0.0em"
            text-anchor="middle"
            x="692"
            y="453"
          >
            0.4
          </text>
          <text
            class="popup"
            dominant-baseline="middle"
            dx="0.0em"
            dy="0.0em"
            text-anchor="middle"
            x="596"
            y="20"
          >
            0.2
          </text>
          <text
            class="popup"
            dominant-baseline="middle"
            dx="0.0em"
            dy="0.0em"
            text-anchor="middle"
            x="20"
            y="381"
          >
            -1.0
          </text>
        </g>
      </g>
      <g
        class="series1"
        style="color: rgb(217, 95, 2);"
      >
        <g
          class="area"
          fill="currentColor"
          fill-opacity="0.5"
        >
          <path
            class="popup"
            d="M20,381C20,381,488.2949533749023,-25.078691516610768,596,20C682.9974685340009,56.41177613915468,653.2144070209224,334.91211389310513,692,453C720.3696074483285,539.3750355721702,758.8809504767211,672.2846942736428,788,670C824.535310257821,667.1334224331366,836.3891734313075,325.50450647858645,884,309C910.9850979585534,299.6454948132511,980,381,980,381L980,526C980,526,916.0000000000002,526.0000000000001,884,526C852.0000000000001,526.0000000000001,820.0000000000001,526.0000000000001,788,526C756.0000000000001,526.0000000000001,724.0000000000001,526.0000000000001,692,526C660.0000000000001,526.0000000000001,641.4465312923752,525.9999999999999,596,526C484.6791877542519,526,20,526,20,526"
          />
        </g>
        <g
          class="label"
          fill="#000"
          font-family="sans-serif"
          font-size="16px"
          font-style="normal"
          font-weight="100"
        >
          <text
            class="popup"
            dominant-baseline="middle"
            dx="0.0em"
            dy="0.0em"
            text-anchor="middle"
            x="980"
            y="381"
          >
            0.0
          </text>
          <text
            class="popup"
            dominant-baseline="middle"
            dx="0.0em"
            dy="0.0em"
            text-anchor="middle"
            x="884"
            y="309"
          >
            1.0
          </text>
          <text
            class="popup"
            dominant-baseline="middle"
            dx="0.0em"
            dy="0.0em"
            text-anchor="middle"
            x="788"
            y="670"
          >
            2.0
          </text>
          <text
            class="popup"
            dominant-baseline="middle"
            dx="0.0em"
            dy="0.0em"
            text-anchor="middle"
            x="692"
            y="453"
          >
            3.0
          </text>
          <text
            class="popup"
            dominant-baseline="middle"
            dx="0.0em"
            dy="0.0em"
            text-anchor="middle"
            x="596"
            y="20"
          >
            4.0
          </text>
          <text
            class="popup"
            dominant-baseline="middle"
            dx="0.0em"
            dy="0.0em"
            text-anchor="middle"
            x="20"
            y="381"
          >
            5.0
          </text>
        </g>
      </g>
    </g>
    <g
      class="popup"
    />
    <style>
      .popup:hover { filter: brightness(0.8);}
    </style>
  </svg>
  <svg
    class="baseSVG"
    height="100%"
    preserveAspectRatio="xMinYMin meet"
    viewBox="0 0 1000 700"
    width="100%"
  >
    <g
      class="canvas"
    >
      <rect
        class="graphArea"
        fill="#fff"
        fill-opacity="1"
        height="700"
        rx="0"
        ry="0"
        stroke="#00c"
        stroke-dasharray="none"
        stroke-opacity="1"
        stroke-width="1"
        width="1000"
        x="0"
        y="0"
      />
    </g>
    <g
      class="grids"
    >
      <g
        class="hor-major-Grid"
        fill-opacity="0"
        stroke="#444"
        stroke-dasharray="none"
        stroke-opacity="1"
        stroke-width="1"
      >
        <line
          x1="20"
          x2="980"
          y1="526"
          y2="526"
        />
        <line
          x1="20"
          x2="980"
          y1="164"
          y2="164"
        />
      </g>
      <g
        class="hor-minor-Grid"
        fill-opacity="0"
        stroke="#eee"
        stroke-dasharray="none"
        stroke-opacity="1"
        stroke-width="1"
      >
        <line
          x1="20"
          x2="980"
          y1="670"
          y2="670"
        />
        <line
          x1="20"
          x2="980"
          y1="598"
          y2="598"
        />
        <line
          x1="20"
          x2="980"
          y1="526"
          y2="526"
        />
        <line
          x1="20"
          x2="980"
          y1="453"
          y2="453"
        />
        <line
          x1="20"
          x2="980"
          y1="381"
          y2="381"
        />
        <line
          x1="20"
          x2="980"
          y1="309"
          y2="309"
        />
        <line
          x1="20"
          x2="980"
          y1="237"
          y2="237"
        />
        <line
          x1="20"
          x2="980"
          y1="164"
          y2="164"
        />
        <line
          x1="20"
          x2="980"
          y1="92"
          y2="92"
        />
        <line
          x1="20"
          x2="980"
          y1="20"
          y2="20"
        />
      </g>
      <g
        class="ver-major-Grid"
        fill-opacity="0"
        stroke="#444"
        stroke-dasharray="none"
        stroke-opacity="1"
        stroke-width="1"
      >
        <line
          x1="20"
          x2="20"
          y1="670"
          y2="20"
        />
        <line
          x1="500"
          x2="500"
          y1="670"
          y2="20"
        />
        <line
          x1="980"
          x2="980"
          y1="670"
          y2="20"
        />
      </g>
      <g
        class="ver-minor-Grid"
        fill-opacity="0"
        stroke="#eee"
        stroke-dasharray="none"
        stroke-opacity="1"
        stroke-width="1"
      >
        <line
          x1="20"
          x2="20"
          y1="670"
          y2="20"
        />
        <line
          x1="116"
          x2="116"
          y1="670"
          y2="20"
        />
        <line
          x1="212"
          x2="212"
          y1="670"
          y2="20"
        />
        <line
          x1="308"
          x2="308"
          y1="670"
          y2="20"
        />
        <line
          x1="404"
          x2="404"
          y1="670"
          y2="20"
        />
        <line
          x1="500"
          x2="500"
          y1="670"
          y2="20"
        />
        <line
          x1="596"
          x2="596"
          y1="670"
          y2="20"
        />
        <line
          x1="692"
          x2="692"
          y1="670"
          y2="20"
        />
        <line
          x1="788"
          x2="788"
          y1="670"
          y2="20"
        />
        <line
          x1="884"
          x2="884"
          y1="670"
          y2="20"
        />
        <line
          x1="980"
          x2="980"
          y1="670"
          y2="20"
        />
      </g>
    </g>
    <g
      class="axes"
      color="currentColor"
    >
      <g
        class="horAxis"
        color="currentColor"
        fill="currentColor"
        fill-opacity="0"
        font-family="sans-serif"
        font-size="16px"
        font-style="normal"
        font-weight="100"
        stroke="currentColor"
        stroke-dasharray="none"
        stroke-opacity="1"
        stroke-width="1"
        text-anchor="middle"
        transform="translate(0, 526)"
      >
        <path
          class="domain"
          d="M20.5,5V0.5H980.5V5"
          stroke="currentColor"
        />
        <g
          class="tick"
          opacity="1"
          transform="translate(20.5,0)"
        >
          <line
            fill-opacity="0"
            stroke="currentColor"
            stroke-dasharray="none"
            stroke-opacity="1"
            stroke-width="2"
            y2="5"
          />
          <text
            dy="0.71em"
            fill="currentColor"
            y="8"
          >
            −1
          </text>
        </g>
        <g
          class="tick"
          opacity="1"
          transform="translate(500.5,0)"
        >
          <line
            fill-opacity="0"
            stroke="currentColor"
            stroke-dasharray="none"
            stroke-opacity="1"
            stroke-width="2"
            y2="5"
          />
          <text
            dy="0.71em"
            fill="currentColor"
            y="8"
          >
            0
          </text>
        </g>
        <g
          class="tick"
          opacity="1"
          transform="translate(980.5,0)"
        >
          <line
            fill-opacity="0"
            stroke="currentColor"
            stroke-dasharray="none"
            stroke-opacity="1"
            stroke-width="2"
            y2="5"
          />
          <text
            dy="0.71em"
            fill="currentColor"
            y="8"
          >
            1
          </text>
        </g>
      </g>
      <g
        class="verAxis"
        color="currentColor"
        fill="currentColor"
        fill-opacity="0"
        font-family="sans-serif"
        font-size="16px"
        font-style="normal"
        font-weight="100"
        stroke="currentColor"
        stroke-dasharray="none"
        stroke-opacity="1"
        stroke-width="1"
        text-anchor="end"
        transform="translate(500, 0)"
      >
        <path
          class="domain"
          d="M-5,670.5H0.5V20.5H-5"
          stroke="currentColor"
        />
        <g
          class="tick"
          opacity="1"
          transform="translate(0,526.5)"
        >
          <line
            fill-opacity="0"
            stroke="currentColor"
            stroke-dasharray="none"
            stroke-opacity="1"
            stroke-width="2"
            x2="-5"
          />
          <text
            dy="0.32em"
            fill="currentColor"
            x="-8"
          >
            0
          </text>
        </g>
        <g
          class="tick"
          opacity="1"
          transform="translate(0,164.5)"
        >
          <line
            fill-opacity="0"
            stroke="currentColor"
            stroke-dasharray="none"
            stroke-opacity="1"
            stroke-width="2"
            x2="-5"
          />
          <text
            dy="0.32em"
            fill="currentColor"
            x="-8"
          >
            500m
          </text>
        </g>
      </g>
    </g>
    <g
      class="title"
    >
      <text />
    </g>
    <g
      class="series"
    >
      <g
        class="series0"
        style="color: rgb(27, 158, 119);"
      >
        <g
          class="area"
          fill="currentColor"
          fill-opacity="0.5"
        >
          <path
            class="popup"
            d="M20,381C20,381,488.2949533749023,-25.078691516610768,596,20C682.9974685340009,56.41177613915468,653.2144070209224,334.91211389310513,692,453C720.3696074483285,539.3750355721702,758.8809504767211,672.2846942736428,788,670C824.535310257821,667.1334224331366,836.3891734313075,325.50450647858645,884,309C910.9850979585534,299.6454948132511,980,381,980,381L980,526C980,526,916.0000000000002,526.0000000000001,884,526C852.0000000000001,526.0000000000001,820.0000000000001,526.0000000000001,788,526C756.0000000000001,526.0000000000001,724.0000000000001,526.0000000000001,692,526C660.0000000000001,526.0000000000001,641.4465312923752,525.9999999999999,596,526C484.6791877542519,526,20,526,20,526"
          />
        </g>
      </g>
      <g
        class="series1"
        style="color: rgb(217, 95, 2);"
      >
        <g
          class="area"
          fill="currentColor"
          fill-opacity="0.5"
        >
          <path
            class="popup"
            d="M20,381C20,381,488.2949533749023,-25.078691516610768,596,20C682.9974685340009,56.41177613915468,653.2144070209224,334.91211389310513,692,453C720.3696074483285,539.3750355721702,758.8809504767211,672.2846942736428,788,670C824.535310257821,667.1334224331366,836.3891734313075,325.50450647858645,884,309C910.9850979585534,299.6454948132511,980,381,980,381L980,526C980,526,916.0000000000002,526.0000000000001,884,526C852.0000000000001,526.0000000000001,820.0000000000001,526.0000000000001,788,526C756.0000000000001,526.0000000000001,724.0000000000001,526.0000000000001,692,526C660.0000000000001,526.0000000000001,641.4465312923752,525.9999999999999,596,526C484.6791877542519,526,20,526,20,526"
          />
        </g>
      </g>
      <g
        class="series2"
        style="color: rgb(117, 112, 179);"
      >
        <g
          class="area"
          fill="currentColor"
          fill-opacity="0.5"
        >
          <path
            class="popup"
            d="M20,381C20,381,488.2949533749023,-25.078691516610768,596,20C682.9974685340009,56.41177613915468,653.2144070209224,334.91211389310513,692,453C720.3696074483285,539.3750355721702,758.8809504767211,672.2846942736428,788,670C824.535310257821,667.1334224331366,836.3891734313075,325.50450647858645,884,309C910.9850979585534,299.6454948132511,980,381,980,381L980,526C980,526,916.0000000000002,526.0000000000001,884,526C852.0000000000001,526.0000000000001,820.0000000000001,526.0000000000001,788,526C756.0000000000001,526.0000000000001,724.0000000000001,526.0000000000001,692,526C660.0000000000001,526.0000000000001,641.4465312923752,525.9999999999999,596,526C484.6791877542519,526,20,526,20,526"
          />
        </g>
      </g>
      <g
        class="series3"
        style="color: rgb(231, 41, 138);"
      >
        <g
          class="area"
          fill="currentColor"
          fill-opacity="0.5"
        >
          <path
            class="popup"
            d="M20,381C20,381,488.2949533749023,-25.078691516610768,596,20C682.9974685340009,56.41177613915468,653.2144070209224,334.91211389310513,692,453C720.3696074483285,539.3750355721702,758.8809504767211,672.2846942736428,788,670C824.535310257821,667.1334224331366,836.3891734313075,325.50450647858645,884,309C910.9850979585534,299.6454948132511,980,381,980,381L980,526C980,526,916.0000000000002,526.0000000000001,884,526C852.0000000000001,526.0000000000001,820.0000000000001,526.0000000000001,788,526C756.0000000000001,526.0000000000001,724.0000000000001,526.0000000000001,692,526C660.0000000000001,526.0000000000001,641.4465312923752,525.9999999999999,596,526C484.6791877542519,526,20,526,20,526"
          />
        </g>
      </g>
    </g>
    <g
      class="popup"
    />
    <style>
      .popup:hover { filter: brightness(0.8);}
    </style>
  </svg>
</div>
`;

exports[`Area volume vs time should plot area 1`] = `
<div
  style="width: 300px; height: 300px;"
>
  <svg
    class="baseSVG"
    height="100%"
    preserveAspectRatio="xMinYMin meet"
    viewBox="0 0 1000 700"
    width="100%"
  >
    <g
      class="canvas"
    >
      <rect
        class="graphArea"
        fill="#fff"
        fill-opacity="1"
        height="700"
        rx="0"
        ry="0"
        stroke="#00c"
        stroke-dasharray="none"
        stroke-opacity="1"
        stroke-width="1"
        width="1000"
        x="0"
        y="0"
      />
    </g>
    <g
      class="grids"
    >
      <g
        class="hor-major-Grid"
        fill-opacity="0"
        stroke="#444"
        stroke-dasharray="none"
        stroke-opacity="1"
        stroke-width="1"
      >
        <line
          x1="20"
          x2="980"
          y1="526"
          y2="526"
        />
        <line
          x1="20"
          x2="980"
          y1="164"
          y2="164"
        />
      </g>
      <g
        class="hor-minor-Grid"
        fill-opacity="0"
        stroke="#eee"
        stroke-dasharray="none"
        stroke-opacity="1"
        stroke-width="1"
      >
        <line
          x1="20"
          x2="980"
          y1="670"
          y2="670"
        />
        <line
          x1="20"
          x2="980"
          y1="598"
          y2="598"
        />
        <line
          x1="20"
          x2="980"
          y1="526"
          y2="526"
        />
        <line
          x1="20"
          x2="980"
          y1="453"
          y2="453"
        />
        <line
          x1="20"
          x2="980"
          y1="381"
          y2="381"
        />
        <line
          x1="20"
          x2="980"
          y1="309"
          y2="309"
        />
        <line
          x1="20"
          x2="980"
          y1="237"
          y2="237"
        />
        <line
          x1="20"
          x2="980"
          y1="164"
          y2="164"
        />
        <line
          x1="20"
          x2="980"
          y1="92"
          y2="92"
        />
        <line
          x1="20"
          x2="980"
          y1="20"
          y2="20"
        />
      </g>
      <g
        class="ver-major-Grid"
        fill-opacity="0"
        stroke="#444"
        stroke-dasharray="none"
        stroke-opacity="1"
        stroke-width="1"
      >
        <line
          x1="20"
          x2="20"
          y1="670"
          y2="20"
        />
        <line
          x1="404"
          x2="404"
          y1="670"
          y2="20"
        />
        <line
          x1="788"
          x2="788"
          y1="670"
          y2="20"
        />
      </g>
      <g
        class="ver-minor-Grid"
        fill-opacity="0"
        stroke="#eee"
        stroke-dasharray="none"
        stroke-opacity="1"
        stroke-width="1"
      >
        <line
          x1="20"
          x2="20"
          y1="670"
          y2="20"
        />
        <line
          x1="116"
          x2="116"
          y1="670"
          y2="20"
        />
        <line
          x1="212"
          x2="212"
          y1="670"
          y2="20"
        />
        <line
          x1="308"
          x2="308"
          y1="670"
          y2="20"
        />
        <line
          x1="404"
          x2="404"
          y1="670"
          y2="20"
        />
        <line
          x1="500"
          x2="500"
          y1="670"
          y2="20"
        />
        <line
          x1="596"
          x2="596"
          y1="670"
          y2="20"
        />
        <line
          x1="692"
          x2="692"
          y1="670"
          y2="20"
        />
        <line
          x1="788"
          x2="788"
          y1="670"
          y2="20"
        />
        <line
          x1="884"
          x2="884"
          y1="670"
          y2="20"
        />
        <line
          x1="980"
          x2="980"
          y1="670"
          y2="20"
        />
      </g>
    </g>
    <g
      class="axes"
      color="currentColor"
    >
      <g
        class="horAxis"
        color="currentColor"
        fill="currentColor"
        fill-opacity="0"
        font-family="sans-serif"
        font-size="16px"
        font-style="normal"
        font-weight="100"
        stroke="currentColor"
        stroke-dasharray="none"
        stroke-opacity="1"
        stroke-width="1"
        text-anchor="middle"
        transform="translate(0, 526)"
      >
        <path
          class="domain"
          d="M20.5,5V0.5H980.5V5"
          stroke="currentColor"
        />
        <g
          class="tick"
          opacity="1"
          transform="translate(20.5,0)"
        >
          <line
            fill-opacity="0"
            stroke="currentColor"
            stroke-dasharray="none"
            stroke-opacity="1"
            stroke-width="2"
            y2="5"
          />
          <text
            dy="0.71em"
            fill="currentColor"
            y="8"
          >
            0
          </text>
        </g>
        <g
          class="tick"
          opacity="1"
          transform="translate(404.5,0)"
        >
          <line
            fill-opacity="0"
            stroke="currentColor"
            stroke-dasharray="none"
            stroke-opacity="1"
            stroke-width="2"
            y2="5"
          />
          <text
            dy="0.71em"
            fill="currentColor"
            y="8"
          >
            2
          </text>
        </g>
        <g
          class="tick"
          opacity="1"
          transform="translate(788.5,0)"
        >
          <line
            fill-opacity="0"
            stroke="currentColor"
            stroke-dasharray="none"
            stroke-opacity="1"
            stroke-width="2"
            y2="5"
          />
          <text
            dy="0.71em"
            fill="currentColor"
            y="8"
          >
            4
          </text>
        </g>
      </g>
      <g
        class="verAxis"
        color="currentColor"
        fill="currentColor"
        fill-opacity="0"
        font-family="sans-serif"
        font-size="16px"
        font-style="normal"
        font-weight="100"
        stroke="currentColor"
        stroke-dasharray="none"
        stroke-opacity="1"
        stroke-width="1"
        text-anchor="end"
        transform="translate(20, 0)"
      >
        <path
          class="domain"
          d="M-5,670.5H0.5V20.5H-5"
          stroke="currentColor"
        />
        <g
          class="tick"
          opacity="1"
          transform="translate(0,526.5)"
        >
          <line
            fill-opacity="0"
            stroke="currentColor"
            stroke-dasharray="none"
            stroke-opacity="1"
            stroke-width="2"
            x2="-5"
          />
          <text
            dy="0.32em"
            fill="currentColor"
            x="-8"
          >
            0
          </text>
        </g>
        <g
          class="tick"
          opacity="1"
          transform="translate(0,164.5)"
        >
          <line
            fill-opacity="0"
            stroke="currentColor"
            stroke-dasharray="none"
            stroke-opacity="1"
            stroke-width="2"
            x2="-5"
          />
          <text
            dy="0.32em"
            fill="currentColor"
            x="-8"
          >
            500m
          </text>
        </g>
      </g>
    </g>
    <g
      class="title"
    >
      <text />
    </g>
    <g
      class="series"
    >
      <g
        class="series0"
        style="color: rgb(27, 158, 119);"
      >
        <g
          class="area"
          fill="currentColor"
          fill-opacity="0.5"
        >
          <path
            class="popup"
            d="M20,381C20,381,150.1851682278028,17.7910491095886,212,20C278.5313497993709,22.3774955001284,329.9960050833292,337.76127807093246,404,453C461.8803634227513,543.1310681016391,536.627527984373,677.024894208719,596,670C666.5302468530189,661.6549285243356,708.560142859524,339.04746174262993,788,309C844.2568567363976,287.7213143201104,980,381,980,381L20,526C20,526,148,526,212,526C276,526,340,526,404,526C468,526,532,526,596,526C660,526,724,526,788,526C852,526,980,526,980,526"
          />
        </g>
      </g>
    </g>
    <g
      class="popup"
    />
    <style>
      .popup:hover { filter: brightness(0.8);}
    </style>
  </svg>
  <svg
    class="baseSVG"
    height="100%"
    preserveAspectRatio="xMinYMin meet"
    viewBox="0 0 1000 700"
    width="100%"
  >
    <g
      class="canvas"
    >
      <rect
        class="graphArea"
        fill="#fff"
        fill-opacity="1"
        height="700"
        rx="0"
        ry="0"
        stroke="#00c"
        stroke-dasharray="none"
        stroke-opacity="1"
        stroke-width="1"
        width="1000"
        x="0"
        y="0"
      />
    </g>
    <g
      class="grids"
    >
      <g
        class="hor-major-Grid"
        fill-opacity="0"
        stroke="#444"
        stroke-dasharray="none"
        stroke-opacity="1"
        stroke-width="1"
      >
        <line
          x1="20"
          x2="980"
          y1="526"
          y2="526"
        />
        <line
          x1="20"
          x2="980"
          y1="164"
          y2="164"
        />
      </g>
      <g
        class="hor-minor-Grid"
        fill-opacity="0"
        stroke="#eee"
        stroke-dasharray="none"
        stroke-opacity="1"
        stroke-width="1"
      >
        <line
          x1="20"
          x2="980"
          y1="670"
          y2="670"
        />
        <line
          x1="20"
          x2="980"
          y1="598"
          y2="598"
        />
        <line
          x1="20"
          x2="980"
          y1="526"
          y2="526"
        />
        <line
          x1="20"
          x2="980"
          y1="453"
          y2="453"
        />
        <line
          x1="20"
          x2="980"
          y1="381"
          y2="381"
        />
        <line
          x1="20"
          x2="980"
          y1="309"
          y2="309"
        />
        <line
          x1="20"
          x2="980"
          y1="237"
          y2="237"
        />
        <line
          x1="20"
          x2="980"
          y1="164"
          y2="164"
        />
        <line
          x1="20"
          x2="980"
          y1="92"
          y2="92"
        />
        <line
          x1="20"
          x2="980"
          y1="20"
          y2="20"
        />
      </g>
      <g
        class="ver-major-Grid"
        fill-opacity="0"
        stroke="#444"
        stroke-dasharray="none"
        stroke-opacity="1"
        stroke-width="1"
      >
        <line
          x1="20"
          x2="20"
          y1="670"
          y2="20"
        />
        <line
          x1="500"
          x2="500"
          y1="670"
          y2="20"
        />
        <line
          x1="980"
          x2="980"
          y1="670"
          y2="20"
        />
      </g>
      <g
        class="ver-minor-Grid"
        fill-opacity="0"
        stroke="#eee"
        stroke-dasharray="none"
        stroke-opacity="1"
        stroke-width="1"
      >
        <line
          x1="20"
          x2="20"
          y1="670"
          y2="20"
        />
        <line
          x1="116"
          x2="116"
          y1="670"
          y2="20"
        />
        <line
          x1="212"
          x2="212"
          y1="670"
          y2="20"
        />
        <line
          x1="308"
          x2="308"
          y1="670"
          y2="20"
        />
        <line
          x1="404"
          x2="404"
          y1="670"
          y2="20"
        />
        <line
          x1="500"
          x2="500"
          y1="670"
          y2="20"
        />
        <line
          x1="596"
          x2="596"
          y1="670"
          y2="20"
        />
        <line
          x1="692"
          x2="692"
          y1="670"
          y2="20"
        />
        <line
          x1="788"
          x2="788"
          y1="670"
          y2="20"
        />
        <line
          x1="884"
          x2="884"
          y1="670"
          y2="20"
        />
        <line
          x1="980"
          x2="980"
          y1="670"
          y2="20"
        />
      </g>
    </g>
    <g
      class="axes"
      color="currentColor"
    >
      <g
        class="horAxis"
        color="currentColor"
        fill="currentColor"
        fill-opacity="0"
        font-family="sans-serif"
        font-size="16px"
        font-style="normal"
        font-weight="100"
        stroke="currentColor"
        stroke-dasharray="none"
        stroke-opacity="1"
        stroke-width="1"
        text-anchor="middle"
        transform="translate(0, 526)"
      >
        <path
          class="domain"
          d="M20.5,5V0.5H980.5V5"
          stroke="currentColor"
        />
        <g
          class="tick"
          opacity="1"
          transform="translate(20.5,0)"
        >
          <line
            fill-opacity="0"
            stroke="currentColor"
            stroke-dasharray="none"
            stroke-opacity="1"
            stroke-width="2"
            y2="5"
          />
          <text
            dy="0.71em"
            fill="currentColor"
            y="8"
          >
            −1
          </text>
        </g>
        <g
          class="tick"
          opacity="1"
          transform="translate(500.5,0)"
        >
          <line
            fill-opacity="0"
            stroke="currentColor"
            stroke-dasharray="none"
            stroke-opacity="1"
            stroke-width="2"
            y2="5"
          />
          <text
            dy="0.71em"
            fill="currentColor"
            y="8"
          >
            0
          </text>
        </g>
        <g
          class="tick"
          opacity="1"
          transform="translate(980.5,0)"
        >
          <line
            fill-opacity="0"
            stroke="currentColor"
            stroke-dasharray="none"
            stroke-opacity="1"
            stroke-width="2"
            y2="5"
          />
          <text
            dy="0.71em"
            fill="currentColor"
            y="8"
          >
            1
          </text>
        </g>
      </g>
      <g
        class="verAxis"
        color="currentColor"
        fill="currentColor"
        fill-opacity="0"
        font-family="sans-serif"
        font-size="16px"
        font-style="normal"
        font-weight="100"
        stroke="currentColor"
        stroke-dasharray="none"
        stroke-opacity="1"
        stroke-width="1"
        text-anchor="end"
        transform="translate(500, 0)"
      >
        <path
          class="domain"
          d="M-5,670.5H0.5V20.5H-5"
          stroke="currentColor"
        />
        <g
          class="tick"
          opacity="1"
          transform="translate(0,526.5)"
        >
          <line
            fill-opacity="0"
            stroke="currentColor"
            stroke-dasharray="none"
            stroke-opacity="1"
            stroke-width="2"
            x2="-5"
          />
          <text
            dy="0.32em"
            fill="currentColor"
            x="-8"
          >
            0
          </text>
        </g>
        <g
          class="tick"
          opacity="1"
          transform="translate(0,164.5)"
        >
          <line
            fill-opacity="0"
            stroke="currentColor"
            stroke-dasharray="none"
            stroke-opacity="1"
            stroke-width="2"
            x2="-5"
          />
          <text
            dy="0.32em"
            fill="currentColor"
            x="-8"
          >
            500m
          </text>
        </g>
      </g>
    </g>
    <g
      class="title"
    >
      <text />
    </g>
    <g
      class="series"
    >
      <g
        class="series0"
        style="color: rgb(27, 158, 119);"
      >
        <g
          class="area"
          fill="currentColor"
          fill-opacity="0.5"
        >
          <path
            class="popup"
            d="M20,381C20,381,488.2949533749023,-25.078691516610768,596,20C682.9974685340009,56.41177613915468,653.2144070209224,334.91211389310513,692,453C720.3696074483285,539.3750355721702,758.8809504767211,672.2846942736428,788,670C824.535310257821,667.1334224331366,836.3891734313075,325.50450647858645,884,309C910.9850979585534,299.6454948132511,980,381,980,381L980,526C980,526,916.0000000000002,526.0000000000001,884,526C852.0000000000001,526.0000000000001,820.0000000000001,526.0000000000001,788,526C756.0000000000001,526.0000000000001,724.0000000000001,526.0000000000001,692,526C660.0000000000001,526.0000000000001,641.4465312923752,525.9999999999999,596,526C484.6791877542519,526,20,526,20,526"
          />
        </g>
      </g>
      <g
        class="series1"
        style="color: rgb(217, 95, 2);"
      >
        <g
          class="area"
          fill="currentColor"
          fill-opacity="0.5"
        >
          <path
            class="popup"
            d="M20,309C20,309,487.60608567336305,409.7855688404698,596,381C645.2834310775637,367.9120733687801,662.4325545917798,303.93531157010705,692,309C727.5082801244109,315.0823102242544,759.3854915172368,456.84712459591697,788,453C825.957106133834,447.8967945164857,840.4311328458133,177.47622895893508,884,164C911.4183577438225,155.5192638512697,980,237,980,237L980,381C980,381,910.9850979585534,299.6454948132511,884,309C836.3891734313075,325.50450647858645,824.535310257821,667.1334224331366,788,670C758.8809504767211,672.2846942736428,720.3696074483285,539.3750355721702,692,453C653.2144070209224,334.91211389310513,682.9974685340007,56.41177613915468,596,20C488.2949533749023,-25.078691516610768,20,381,20,381"
          />
        </g>
      </g>
    </g>
    <g
      class="popup"
    />
    <style>
      .popup:hover { filter: brightness(0.8);}
    </style>
  </svg>
</div>
`;
