// Jest Snapshot v1, https://goo.gl/fbAQLP

exports[`Band plot should plot area 1`] = `
<div
  style="width: 300px; height: 300px;"
>
  <svg
    class="baseSVG"
    height="100%"
    preserveAspectRatio="xMinYMin meet"
    viewBox="0 0 1000 700"
    width="100%"
  >
    <g
      class="canvas"
    >
      <rect
        class="graphArea"
        fill="#fff"
        fill-opacity="1"
        height="700"
        rx="0"
        ry="0"
        stroke="#00c"
        stroke-opacity="1"
        stroke-width="1"
        width="1000"
      />
    </g>
    <g
      class="grids"
    >
      <g
        class="hor-major-Grid"
        fill-opacity="0"
        stroke="#444"
        stroke-opacity="1"
        stroke-width="1"
      >
        <line
          x1="20"
          x2="980"
          y1="548"
          y2="548"
        />
        <line
          x1="20"
          x2="980"
          y1="192"
          y2="192"
        />
      </g>
      <g
        class="hor-minor-Grid"
        fill-opacity="0"
        stroke="#eee"
        stroke-opacity="1"
        stroke-width="1"
      >
        <line
          x1="20"
          x2="980"
          y1="690"
          y2="690"
        />
        <line
          x1="20"
          x2="980"
          y1="619"
          y2="619"
        />
        <line
          x1="20"
          x2="980"
          y1="548"
          y2="548"
        />
        <line
          x1="20"
          x2="980"
          y1="477"
          y2="477"
        />
        <line
          x1="20"
          x2="980"
          y1="406"
          y2="406"
        />
        <line
          x1="20"
          x2="980"
          y1="334"
          y2="334"
        />
        <line
          x1="20"
          x2="980"
          y1="263"
          y2="263"
        />
        <line
          x1="20"
          x2="980"
          y1="192"
          y2="192"
        />
        <line
          x1="20"
          x2="980"
          y1="121"
          y2="121"
        />
        <line
          x1="20"
          x2="980"
          y1="50"
          y2="50"
        />
      </g>
      <g
        class="ver-major-Grid"
        fill-opacity="0"
        stroke="#444"
        stroke-opacity="1"
        stroke-width="1"
      >
        <line
          x1="20"
          x2="20"
          y1="690"
          y2="50"
        />
        <line
          x1="500"
          x2="500"
          y1="690"
          y2="50"
        />
        <line
          x1="980"
          x2="980"
          y1="690"
          y2="50"
        />
      </g>
      <g
        class="ver-minor-Grid"
        fill-opacity="0"
        stroke="#eee"
        stroke-opacity="1"
        stroke-width="1"
      >
        <line
          x1="20"
          x2="20"
          y1="690"
          y2="50"
        />
        <line
          x1="116"
          x2="116"
          y1="690"
          y2="50"
        />
        <line
          x1="212"
          x2="212"
          y1="690"
          y2="50"
        />
        <line
          x1="308"
          x2="308"
          y1="690"
          y2="50"
        />
        <line
          x1="404"
          x2="404"
          y1="690"
          y2="50"
        />
        <line
          x1="500"
          x2="500"
          y1="690"
          y2="50"
        />
        <line
          x1="596"
          x2="596"
          y1="690"
          y2="50"
        />
        <line
          x1="692"
          x2="692"
          y1="690"
          y2="50"
        />
        <line
          x1="788"
          x2="788"
          y1="690"
          y2="50"
        />
        <line
          x1="884"
          x2="884"
          y1="690"
          y2="50"
        />
        <line
          x1="980"
          x2="980"
          y1="690"
          y2="50"
        />
      </g>
    </g>
    <g
      class="axes"
      color="#000"
    >
      <g
        class="horAxis"
        color="currentColor"
        fill="none"
        fill-opacity="0"
        font-family="sans-serif"
        font-size="16px"
        font-style="normal"
        font-weight="100"
        stroke="currentColor"
        stroke-opacity="1"
        stroke-width="1"
        text-anchor="middle"
        transform="translate(0, 548)"
      >
        <path
          class="domain"
          d="M20.5,-5V0.5H980.5V-5"
          stroke="currentColor"
        />
        <g
          class="tick"
          opacity="1"
          transform="translate(20.5,0)"
        >
          <line
            fill-opacity="0"
            stroke="currentColor"
            stroke-opacity="1"
            stroke-width="2"
            y2="-5"
          />
          <text
            dy="0em"
            fill="currentColor"
            y="-8"
          >
            -1.0
          </text>
        </g>
        <g
          class="tick"
          opacity="1"
          transform="translate(116.5,0)"
        >
          <line
            fill-opacity="0"
            stroke="currentColor"
            stroke-opacity="1"
            stroke-width="2"
            y2="-5"
          />
          <text
            dy="0em"
            fill="currentColor"
            y="-8"
          >
            -0.8
          </text>
        </g>
        <g
          class="tick"
          opacity="1"
          transform="translate(212.5,0)"
        >
          <line
            fill-opacity="0"
            stroke="currentColor"
            stroke-opacity="1"
            stroke-width="2"
            y2="-5"
          />
          <text
            dy="0em"
            fill="currentColor"
            y="-8"
          >
            -0.6
          </text>
        </g>
        <g
          class="tick"
          opacity="1"
          transform="translate(308.5,0)"
        >
          <line
            fill-opacity="0"
            stroke="currentColor"
            stroke-opacity="1"
            stroke-width="2"
            y2="-5"
          />
          <text
            dy="0em"
            fill="currentColor"
            y="-8"
          >
            -0.4
          </text>
        </g>
        <g
          class="tick"
          opacity="1"
          transform="translate(404.5,0)"
        >
          <line
            fill-opacity="0"
            stroke="currentColor"
            stroke-opacity="1"
            stroke-width="2"
            y2="-5"
          />
          <text
            dy="0em"
            fill="currentColor"
            y="-8"
          >
            -0.2
          </text>
        </g>
        <g
          class="tick"
          opacity="1"
          transform="translate(500.5,0)"
        >
          <line
            fill-opacity="0"
            stroke="currentColor"
            stroke-opacity="1"
            stroke-width="2"
            y2="-5"
          />
          <text
            dy="0em"
            fill="currentColor"
            y="-8"
          >
            0.0
          </text>
        </g>
        <g
          class="tick"
          opacity="1"
          transform="translate(596.5,0)"
        >
          <line
            fill-opacity="0"
            stroke="currentColor"
            stroke-opacity="1"
            stroke-width="2"
            y2="-5"
          />
          <text
            dy="0em"
            fill="currentColor"
            y="-8"
          >
            0.2
          </text>
        </g>
        <g
          class="tick"
          opacity="1"
          transform="translate(692.5,0)"
        >
          <line
            fill-opacity="0"
            stroke="currentColor"
            stroke-opacity="1"
            stroke-width="2"
            y2="-5"
          />
          <text
            dy="0em"
            fill="currentColor"
            y="-8"
          >
            0.4
          </text>
        </g>
        <g
          class="tick"
          opacity="1"
          transform="translate(788.5,0)"
        >
          <line
            fill-opacity="0"
            stroke="currentColor"
            stroke-opacity="1"
            stroke-width="2"
            y2="-5"
          />
          <text
            dy="0em"
            fill="currentColor"
            y="-8"
          >
            0.6
          </text>
        </g>
        <g
          class="tick"
          opacity="1"
          transform="translate(884.5,0)"
        >
          <line
            fill-opacity="0"
            stroke="currentColor"
            stroke-opacity="1"
            stroke-width="2"
            y2="-5"
          />
          <text
            dy="0em"
            fill="currentColor"
            y="-8"
          >
            0.8
          </text>
        </g>
        <g
          class="tick"
          opacity="1"
          transform="translate(980.5,0)"
        >
          <line
            fill-opacity="0"
            stroke="currentColor"
            stroke-opacity="1"
            stroke-width="2"
            y2="-5"
          />
          <text
            dy="0em"
            fill="currentColor"
            y="-8"
          >
            1.0
          </text>
        </g>
      </g>
      <g
        class="verAxis"
        color="currentColor"
        fill="none"
        fill-opacity="0"
        font-family="sans-serif"
        font-size="16px"
        font-style="normal"
        font-weight="100"
        stroke="currentColor"
        stroke-opacity="1"
        stroke-width="1"
        text-anchor="start"
        transform="translate(500, 0)"
      >
        <path
          class="domain"
          d="M5,690.5H0.5V50.5H5"
          stroke="currentColor"
        />
        <g
          class="tick"
          opacity="1"
          transform="translate(0,690.5)"
        >
          <line
            fill-opacity="0"
            stroke="currentColor"
            stroke-opacity="1"
            stroke-width="2"
            x2="5"
          />
          <text
            dy="0.32em"
            fill="currentColor"
            x="8"
          >
            -0.2
          </text>
        </g>
        <g
          class="tick"
          opacity="1"
          transform="translate(0,619.5)"
        >
          <line
            fill-opacity="0"
            stroke="currentColor"
            stroke-opacity="1"
            stroke-width="2"
            x2="5"
          />
          <text
            dy="0.32em"
            fill="currentColor"
            x="8"
          >
            -0.1
          </text>
        </g>
        <g
          class="tick"
          opacity="1"
          transform="translate(0,548.5)"
        >
          <line
            fill-opacity="0"
            stroke="currentColor"
            stroke-opacity="1"
            stroke-width="2"
            x2="5"
          />
          <text
            dy="0.32em"
            fill="currentColor"
            x="8"
          >
            0.0
          </text>
        </g>
        <g
          class="tick"
          opacity="1"
          transform="translate(0,477.5)"
        >
          <line
            fill-opacity="0"
            stroke="currentColor"
            stroke-opacity="1"
            stroke-width="2"
            x2="5"
          />
          <text
            dy="0.32em"
            fill="currentColor"
            x="8"
          >
            0.1
          </text>
        </g>
        <g
          class="tick"
          opacity="1"
          transform="translate(0,406.5)"
        >
          <line
            fill-opacity="0"
            stroke="currentColor"
            stroke-opacity="1"
            stroke-width="2"
            x2="5"
          />
          <text
            dy="0.32em"
            fill="currentColor"
            x="8"
          >
            0.2
          </text>
        </g>
        <g
          class="tick"
          opacity="1"
          transform="translate(0,334.5)"
        >
          <line
            fill-opacity="0"
            stroke="currentColor"
            stroke-opacity="1"
            stroke-width="2"
            x2="5"
          />
          <text
            dy="0.32em"
            fill="currentColor"
            x="8"
          >
            0.3
          </text>
        </g>
        <g
          class="tick"
          opacity="1"
          transform="translate(0,263.5)"
        >
          <line
            fill-opacity="0"
            stroke="currentColor"
            stroke-opacity="1"
            stroke-width="2"
            x2="5"
          />
          <text
            dy="0.32em"
            fill="currentColor"
            x="8"
          >
            0.4
          </text>
        </g>
        <g
          class="tick"
          opacity="1"
          transform="translate(0,192.5)"
        >
          <line
            fill-opacity="0"
            stroke="currentColor"
            stroke-opacity="1"
            stroke-width="2"
            x2="5"
          />
          <text
            dy="0.32em"
            fill="currentColor"
            x="8"
          >
            0.5
          </text>
        </g>
        <g
          class="tick"
          opacity="1"
          transform="translate(0,121.5)"
        >
          <line
            fill-opacity="0"
            stroke="currentColor"
            stroke-opacity="1"
            stroke-width="2"
            x2="5"
          />
          <text
            dy="0.32em"
            fill="currentColor"
            x="8"
          >
            0.6
          </text>
        </g>
        <g
          class="tick"
          opacity="1"
          transform="translate(0,50.5)"
        >
          <line
            fill-opacity="0"
            stroke="currentColor"
            stroke-opacity="1"
            stroke-width="2"
            x2="5"
          />
          <text
            dy="0.32em"
            fill="currentColor"
            x="8"
          >
            0.7
          </text>
        </g>
      </g>
    </g>
    <g
      class="series"
    >
      <g
        class="series0"
        style="color: rgb(27, 158, 119);"
      >
        <g
          class="area"
          fill="currentColor"
          fill-opacity="0.5"
        >
          <path
            d="M20,406C20,406,485.9662436290235,25.700684715603142,596,50C696.8365435591185,72.26824789904329,657.7257434481252,367.5231229889425,692,477C722.2307062087672,573.5611989443315,757.3318053303678,704.5705818186483,788,690C821.5984652746479,674.0372349093627,847.5225157167174,370.00125559058836,884,334C913.1422156846966,305.23824803286556,980,406,980,406L980,263C980,263,913.5496613823137,169.0730080032627,884,192C848.4543689183457,219.57914511385343,821.991830148688,460.2720879842666,788,477C757.5937790032323,491.96337759220404,725.242513418392,343.60710302421177,692,334C661.0752877926195,325.06274268641704,673.5916518005678,399.5101415131318,596,406C489.65022311115746,414.8952224382666,20,334,20,334"
          />
        </g>
        <g
          class="line"
          fill-opacity="0"
          stroke="currentColor"
          stroke-opacity="1"
          stroke-width="5"
        >
          <path />
        </g>
        <g
          class="markers"
          fill="currentColor"
          fill-opacity="0.75"
          stroke="currentColor"
          stroke-opacity="1"
          stroke-width="4"
        />
      </g>
    </g>
  </svg>
</div>
`;
