// Jest Snapshot v1, https://goo.gl/fbAQLP

exports[`Bar should plot bar 1`] = `
<div
  style="width: 300px; height: 300px;"
>
  <svg
    class="baseSVG"
    height="100%"
    preserveAspectRatio="xMinYMin meet"
    viewBox="0 0 1000 700"
    width="100%"
  >
    <g
      class="canvas"
    >
      <rect
        class="graphArea"
        fill="#fff"
        fill-opacity="1"
        height="700"
        rx="0"
        ry="0"
        stroke="#00c"
        stroke-opacity="1"
        stroke-width="1"
        width="1000"
      />
    </g>
    <g
      class="grids"
    >
      <g
        class="hor-major-Grid"
        fill-opacity="0"
        stroke="#444"
        stroke-opacity="1"
        stroke-width="1"
      >
        <line
          x1="20"
          x2="980"
          y1="563.4426229508197"
          y2="563.4426229508197"
        />
        <line
          x1="20"
          x2="980"
          y1="456.88524590163934"
          y2="456.88524590163934"
        />
        <line
          x1="20"
          x2="980"
          y1="350.327868852459"
          y2="350.327868852459"
        />
        <line
          x1="20"
          x2="980"
          y1="243.7704918032787"
          y2="243.7704918032787"
        />
        <line
          x1="20"
          x2="980"
          y1="137.2131147540984"
          y2="137.2131147540984"
        />
        <line
          x1="20"
          x2="980"
          y1="30.655737704918067"
          y2="30.655737704918067"
        />
      </g>
      <g
        class="hor-minor-Grid"
        fill-opacity="0"
        stroke="#eee"
        stroke-opacity="1"
        stroke-width="1"
      >
        <line
          x1="20"
          x2="980"
          y1="563.4426229508197"
          y2="563.4426229508197"
        />
        <line
          x1="20"
          x2="980"
          y1="456.88524590163934"
          y2="456.88524590163934"
        />
        <line
          x1="20"
          x2="980"
          y1="350.327868852459"
          y2="350.327868852459"
        />
        <line
          x1="20"
          x2="980"
          y1="243.7704918032787"
          y2="243.7704918032787"
        />
        <line
          x1="20"
          x2="980"
          y1="137.2131147540984"
          y2="137.2131147540984"
        />
        <line
          x1="20"
          x2="980"
          y1="30.655737704918067"
          y2="30.655737704918067"
        />
      </g>
      <g
        class="ver-major-Grid"
        fill-opacity="0"
        stroke="#444"
        stroke-opacity="1"
        stroke-width="1"
      >
        <line
          x1="404"
          x2="404"
          y1="670"
          y2="20"
        />
        <line
          x1="884"
          x2="884"
          y1="670"
          y2="20"
        />
      </g>
      <g
        class="ver-minor-Grid"
        fill-opacity="0"
        stroke="#eee"
        stroke-opacity="1"
        stroke-width="1"
      >
        <line
          x1="20"
          x2="20"
          y1="670"
          y2="20"
        />
        <line
          x1="116"
          x2="116"
          y1="670"
          y2="20"
        />
        <line
          x1="212"
          x2="212"
          y1="670"
          y2="20"
        />
        <line
          x1="308"
          x2="308"
          y1="670"
          y2="20"
        />
        <line
          x1="404"
          x2="404"
          y1="670"
          y2="20"
        />
        <line
          x1="500"
          x2="500"
          y1="670"
          y2="20"
        />
        <line
          x1="596"
          x2="596"
          y1="670"
          y2="20"
        />
        <line
          x1="692"
          x2="692"
          y1="670"
          y2="20"
        />
        <line
          x1="788"
          x2="788"
          y1="670"
          y2="20"
        />
        <line
          x1="884"
          x2="884"
          y1="670"
          y2="20"
        />
        <line
          x1="980"
          x2="980"
          y1="670"
          y2="20"
        />
      </g>
    </g>
    <g
      class="axes"
      color="#000"
    >
      <g
        class="horAxis"
        color="currentColor"
        fill="none"
        fill-opacity="0"
        font-family="sans-serif"
        font-size="16px"
        font-style="normal"
        font-weight="100"
        stroke="currentColor"
        stroke-opacity="1"
        stroke-width="1"
        text-anchor="middle"
        transform="translate(0, 670)"
      >
        <path
          class="domain"
          d="M20.5,5V0.5H980.5V5"
          stroke="currentColor"
        />
        <g
          class="tick"
          opacity="1"
          transform="translate(20.5,0)"
        >
          <line
            fill-opacity="0"
            stroke="currentColor"
            stroke-opacity="1"
            stroke-width="2"
            y2="5"
          />
          <text
            dy="0.71em"
            fill="currentColor"
            y="8"
          >
            -0.8
          </text>
        </g>
        <g
          class="tick"
          opacity="1"
          transform="translate(116.5,0)"
        >
          <line
            fill-opacity="0"
            stroke="currentColor"
            stroke-opacity="1"
            stroke-width="2"
            y2="5"
          />
          <text
            dy="0.71em"
            fill="currentColor"
            y="8"
          >
            -0.6
          </text>
        </g>
        <g
          class="tick"
          opacity="1"
          transform="translate(212.5,0)"
        >
          <line
            fill-opacity="0"
            stroke="currentColor"
            stroke-opacity="1"
            stroke-width="2"
            y2="5"
          />
          <text
            dy="0.71em"
            fill="currentColor"
            y="8"
          >
            -0.4
          </text>
        </g>
        <g
          class="tick"
          opacity="1"
          transform="translate(308.5,0)"
        >
          <line
            fill-opacity="0"
            stroke="currentColor"
            stroke-opacity="1"
            stroke-width="2"
            y2="5"
          />
          <text
            dy="0.71em"
            fill="currentColor"
            y="8"
          >
            -0.2
          </text>
        </g>
        <g
          class="tick"
          opacity="1"
          transform="translate(404.5,0)"
        >
          <line
            fill-opacity="0"
            stroke="currentColor"
            stroke-opacity="1"
            stroke-width="2"
            y2="5"
          />
          <text
            dy="0.71em"
            fill="currentColor"
            y="8"
          >
            0
          </text>
        </g>
        <g
          class="tick"
          opacity="1"
          transform="translate(500.5,0)"
        >
          <line
            fill-opacity="0"
            stroke="currentColor"
            stroke-opacity="1"
            stroke-width="2"
            y2="5"
          />
          <text
            dy="0.71em"
            fill="currentColor"
            y="8"
          >
            0.2
          </text>
        </g>
        <g
          class="tick"
          opacity="1"
          transform="translate(596.5,0)"
        >
          <line
            fill-opacity="0"
            stroke="currentColor"
            stroke-opacity="1"
            stroke-width="2"
            y2="5"
          />
          <text
            dy="0.71em"
            fill="currentColor"
            y="8"
          >
            0.4
          </text>
        </g>
        <g
          class="tick"
          opacity="1"
          transform="translate(692.5,0)"
        >
          <line
            fill-opacity="0"
            stroke="currentColor"
            stroke-opacity="1"
            stroke-width="2"
            y2="5"
          />
          <text
            dy="0.71em"
            fill="currentColor"
            y="8"
          >
            0.6
          </text>
        </g>
        <g
          class="tick"
          opacity="1"
          transform="translate(788.5,0)"
        >
          <line
            fill-opacity="0"
            stroke="currentColor"
            stroke-opacity="1"
            stroke-width="2"
            y2="5"
          />
          <text
            dy="0.71em"
            fill="currentColor"
            y="8"
          >
            0.8
          </text>
        </g>
        <g
          class="tick"
          opacity="1"
          transform="translate(884.5,0)"
        >
          <line
            fill-opacity="0"
            stroke="currentColor"
            stroke-opacity="1"
            stroke-width="2"
            y2="5"
          />
          <text
            dy="0.71em"
            fill="currentColor"
            y="8"
          >
            1
          </text>
        </g>
        <g
          class="tick"
          opacity="1"
          transform="translate(980.5,0)"
        >
          <line
            fill-opacity="0"
            stroke="currentColor"
            stroke-opacity="1"
            stroke-width="2"
            y2="5"
          />
          <text
            dy="0.71em"
            fill="currentColor"
            y="8"
          >
            1.2
          </text>
        </g>
      </g>
      <g
        class="verAxis"
        color="currentColor"
        fill="none"
        fill-opacity="0"
        font-family="sans-serif"
        font-size="16px"
        font-style="normal"
        font-weight="100"
        stroke="currentColor"
        stroke-opacity="1"
        stroke-width="1"
        text-anchor="end"
        transform="translate(404, 5.327868852459016)"
      >
        <path
          class="domain"
          d="M-5,670.5H0.5V20.5H-5"
          stroke="currentColor"
        />
        <g
          class="tick"
          opacity="1"
          transform="translate(0,611.3934426229508)"
        >
          <line
            fill-opacity="0"
            stroke="currentColor"
            stroke-opacity="1"
            stroke-width="2"
            x2="-5"
          />
          <text
            dy="0.32em"
            fill="currentColor"
            x="-8"
          >
            CA
          </text>
        </g>
        <g
          class="tick"
          opacity="1"
          transform="translate(0,504.8360655737705)"
        >
          <line
            fill-opacity="0"
            stroke="currentColor"
            stroke-opacity="1"
            stroke-width="2"
            x2="-5"
          />
          <text
            dy="0.32em"
            fill="currentColor"
            x="-8"
          >
            MA
          </text>
        </g>
        <g
          class="tick"
          opacity="1"
          transform="translate(0,398.27868852459017)"
        >
          <line
            fill-opacity="0"
            stroke="currentColor"
            stroke-opacity="1"
            stroke-width="2"
            x2="-5"
          />
          <text
            dy="0.32em"
            fill="currentColor"
            x="-8"
          >
            FL
          </text>
        </g>
        <g
          class="tick"
          opacity="1"
          transform="translate(0,291.72131147540983)"
        >
          <line
            fill-opacity="0"
            stroke="currentColor"
            stroke-opacity="1"
            stroke-width="2"
            x2="-5"
          />
          <text
            dy="0.32em"
            fill="currentColor"
            x="-8"
          >
            SC
          </text>
        </g>
        <g
          class="tick"
          opacity="1"
          transform="translate(0,185.16393442622956)"
        >
          <line
            fill-opacity="0"
            stroke="currentColor"
            stroke-opacity="1"
            stroke-width="2"
            x2="-5"
          />
          <text
            dy="0.32em"
            fill="currentColor"
            x="-8"
          >
            NV
          </text>
        </g>
        <g
          class="tick"
          opacity="1"
          transform="translate(0,78.60655737704921)"
        >
          <line
            fill-opacity="0"
            stroke="currentColor"
            stroke-opacity="1"
            stroke-width="2"
            x2="-5"
          />
          <text
            dy="0.32em"
            fill="currentColor"
            x="-8"
          >
            NC
          </text>
        </g>
      </g>
    </g>
    <g
      class="series"
    >
      <g
        class="series0"
        style="color: rgb(27, 158, 119);"
      >
        <g
          class="area"
          fill="currentColor"
          fill-opacity="0.5"
        >
          <path />
          <rect
            height="95.90163934426229"
            width="96"
            x="404"
            y="568.7704918032787"
          />
          <rect
            height="95.90163934426229"
            width="336"
            x="404"
            y="462.21311475409834"
          />
          <rect
            height="95.90163934426229"
            width="48"
            x="404"
            y="355.655737704918"
          />
          <rect
            height="95.90163934426229"
            width="96"
            x="308"
            y="249.0983606557377"
          />
          <rect
            height="95.90163934426229"
            width="144"
            x="404"
            y="142.5409836065574"
          />
          <rect
            height="95.90163934426229"
            width="96"
            x="404"
            y="35.98360655737709"
          />
        </g>
        <g
          class="line"
          fill-opacity="0"
          stroke="currentColor"
          stroke-opacity="1"
          stroke-width="1"
        >
          <path
            d="M500 663L500 568L740 557L740 462L452 450L452 355L308 344L308 249L548 237L548 142L500 130L500 35"
          />
        </g>
        <g
          class="markers"
          fill="currentColor"
          fill-opacity="0.75"
          stroke="currentColor"
          stroke-opacity="1"
          stroke-width="4"
        />
      </g>
      <g
        class="series1"
        style="color: rgb(217, 95, 2);"
      >
        <g
          class="area"
          fill="currentColor"
          fill-opacity="0.5"
        >
          <path />
          <rect
            height="95.90163934426229"
            width="480"
            x="20"
            y="568.7704918032787"
          />
          <rect
            height="95.90163934426229"
            width="96"
            x="740"
            y="462.21311475409834"
          />
          <rect
            height="95.90163934426229"
            width="192"
            x="452"
            y="355.655737704918"
          />
          <rect
            height="95.90163934426229"
            width="288"
            x="308"
            y="249.0983606557377"
          />
          <rect
            height="95.90163934426229"
            width="384"
            x="548"
            y="142.5409836065574"
          />
          <rect
            height="95.90163934426229"
            width="480"
            x="500"
            y="35.98360655737709"
          />
        </g>
        <g
          class="line"
          fill-opacity="0"
          stroke="currentColor"
          stroke-opacity="1"
          stroke-width="1"
        >
          <path />
        </g>
        <g
          class="markers"
          fill="currentColor"
          fill-opacity="0.75"
          stroke="currentColor"
          stroke-opacity="1"
          stroke-width="4"
        />
      </g>
    </g>
  </svg>
</div>
`;
