// Jest Snapshot v1, https://goo.gl/fbAQLP

exports[`Bubble should plot line 1`] = `
<div
  style="width: 300px; height: 300px;"
>
  <svg
    class="baseSVG"
    height="100%"
    preserveAspectRatio="xMinYMin meet"
    viewBox="0 0 1000 700"
    width="100%"
  >
    <g
      class="canvas"
    >
      <rect
        class="graphArea"
        fill="#fff"
        fill-opacity="1"
        height="700"
        rx="0"
        ry="0"
        stroke="#00c"
        stroke-opacity="1"
        stroke-width="1"
        width="1000"
      />
    </g>
    <g
      class="grids"
    >
      <g
        class="hor-major-Grid"
        fill-opacity="0"
        stroke="#444"
        stroke-opacity="1"
        stroke-width="1"
      >
        <line
          x1="20"
          x2="980"
          y1="493.0769230769231"
          y2="493.0769230769231"
        />
        <line
          x1="20"
          x2="980"
          y1="246.9230769230769"
          y2="246.9230769230769"
        />
      </g>
      <g
        class="hor-minor-Grid"
        fill-opacity="0"
        stroke="#eee"
        stroke-opacity="1"
        stroke-width="1"
      >
        <line
          x1="20"
          x2="980"
          y1="690"
          y2="690"
        />
        <line
          x1="20"
          x2="980"
          y1="640.7692307692307"
          y2="640.7692307692307"
        />
        <line
          x1="20"
          x2="980"
          y1="591.5384615384615"
          y2="591.5384615384615"
        />
        <line
          x1="20"
          x2="980"
          y1="542.3076923076923"
          y2="542.3076923076923"
        />
        <line
          x1="20"
          x2="980"
          y1="493.0769230769231"
          y2="493.0769230769231"
        />
        <line
          x1="20"
          x2="980"
          y1="443.8461538461538"
          y2="443.8461538461538"
        />
        <line
          x1="20"
          x2="980"
          y1="394.6153846153846"
          y2="394.6153846153846"
        />
        <line
          x1="20"
          x2="980"
          y1="345.3846153846154"
          y2="345.3846153846154"
        />
        <line
          x1="20"
          x2="980"
          y1="296.15384615384613"
          y2="296.15384615384613"
        />
        <line
          x1="20"
          x2="980"
          y1="246.9230769230769"
          y2="246.9230769230769"
        />
        <line
          x1="20"
          x2="980"
          y1="197.69230769230768"
          y2="197.69230769230768"
        />
        <line
          x1="20"
          x2="980"
          y1="148.46153846153845"
          y2="148.46153846153845"
        />
        <line
          x1="20"
          x2="980"
          y1="99.23076923076917"
          y2="99.23076923076917"
        />
        <line
          x1="20"
          x2="980"
          y1="50"
          y2="50"
        />
      </g>
      <g
        class="ver-major-Grid"
        fill-opacity="0"
        stroke="#444"
        stroke-opacity="1"
        stroke-width="1"
      >
        <line
          x1="132.94117647058823"
          x2="132.94117647058823"
          y1="690"
          y2="50"
        />
        <line
          x1="697.6470588235295"
          x2="697.6470588235295"
          y1="690"
          y2="50"
        />
      </g>
      <g
        class="ver-minor-Grid"
        fill-opacity="0"
        stroke="#eee"
        stroke-opacity="1"
        stroke-width="1"
      >
        <line
          x1="20"
          x2="20"
          y1="690"
          y2="50"
        />
        <line
          x1="132.94117647058823"
          x2="132.94117647058823"
          y1="690"
          y2="50"
        />
        <line
          x1="245.88235294117646"
          x2="245.88235294117646"
          y1="690"
          y2="50"
        />
        <line
          x1="358.82352941176475"
          x2="358.82352941176475"
          y1="690"
          y2="50"
        />
        <line
          x1="471.7647058823529"
          x2="471.7647058823529"
          y1="690"
          y2="50"
        />
        <line
          x1="584.7058823529412"
          x2="584.7058823529412"
          y1="690"
          y2="50"
        />
        <line
          x1="697.6470588235295"
          x2="697.6470588235295"
          y1="690"
          y2="50"
        />
        <line
          x1="810.5882352941176"
          x2="810.5882352941176"
          y1="690"
          y2="50"
        />
        <line
          x1="923.5294117647059"
          x2="923.5294117647059"
          y1="690"
          y2="50"
        />
      </g>
    </g>
    <g
      class="axes"
      color="#000"
    >
      <g
        class="horAxis"
        color="currentColor"
        fill="none"
        fill-opacity="0"
        font-family="sans-serif"
        font-size="16px"
        font-style="normal"
        font-weight="100"
        stroke="currentColor"
        stroke-opacity="1"
        stroke-width="1"
        text-anchor="middle"
        transform="translate(0, 680)"
      >
        <path
          class="domain"
          d="M20.5,-5V0.5H980.5V-5"
          stroke="currentColor"
        />
        <g
          class="tick"
          opacity="1"
          transform="translate(20.5,0)"
        >
          <line
            fill-opacity="0"
            stroke="currentColor"
            stroke-opacity="1"
            stroke-width="2"
            y2="-5"
          />
          <text
            dy="0em"
            fill="currentColor"
            y="-8"
          >
            -1
          </text>
        </g>
        <g
          class="tick"
          opacity="1"
          transform="translate(133.44117647058823,0)"
        >
          <line
            fill-opacity="0"
            stroke="currentColor"
            stroke-opacity="1"
            stroke-width="2"
            y2="-5"
          />
          <text
            dy="0em"
            fill="currentColor"
            y="-8"
          >
            0
          </text>
        </g>
        <g
          class="tick"
          opacity="1"
          transform="translate(246.38235294117646,0)"
        >
          <line
            fill-opacity="0"
            stroke="currentColor"
            stroke-opacity="1"
            stroke-width="2"
            y2="-5"
          />
          <text
            dy="0em"
            fill="currentColor"
            y="-8"
          >
            1
          </text>
        </g>
        <g
          class="tick"
          opacity="1"
          transform="translate(359.32352941176475,0)"
        >
          <line
            fill-opacity="0"
            stroke="currentColor"
            stroke-opacity="1"
            stroke-width="2"
            y2="-5"
          />
          <text
            dy="0em"
            fill="currentColor"
            y="-8"
          >
            2
          </text>
        </g>
        <g
          class="tick"
          opacity="1"
          transform="translate(472.2647058823529,0)"
        >
          <line
            fill-opacity="0"
            stroke="currentColor"
            stroke-opacity="1"
            stroke-width="2"
            y2="-5"
          />
          <text
            dy="0em"
            fill="currentColor"
            y="-8"
          >
            3
          </text>
        </g>
        <g
          class="tick"
          opacity="1"
          transform="translate(585.2058823529412,0)"
        >
          <line
            fill-opacity="0"
            stroke="currentColor"
            stroke-opacity="1"
            stroke-width="2"
            y2="-5"
          />
          <text
            dy="0em"
            fill="currentColor"
            y="-8"
          >
            4
          </text>
        </g>
        <g
          class="tick"
          opacity="1"
          transform="translate(698.1470588235295,0)"
        >
          <line
            fill-opacity="0"
            stroke="currentColor"
            stroke-opacity="1"
            stroke-width="2"
            y2="-5"
          />
          <text
            dy="0em"
            fill="currentColor"
            y="-8"
          >
            5
          </text>
        </g>
        <g
          class="tick"
          opacity="1"
          transform="translate(811.0882352941176,0)"
        >
          <line
            fill-opacity="0"
            stroke="currentColor"
            stroke-opacity="1"
            stroke-width="2"
            y2="-5"
          />
          <text
            dy="0em"
            fill="currentColor"
            y="-8"
          >
            6
          </text>
        </g>
        <g
          class="tick"
          opacity="1"
          transform="translate(924.0294117647059,0)"
        >
          <line
            fill-opacity="0"
            stroke="currentColor"
            stroke-opacity="1"
            stroke-width="2"
            y2="-5"
          />
          <text
            dy="0em"
            fill="currentColor"
            y="-8"
          >
            7
          </text>
        </g>
      </g>
      <g
        class="verAxis"
        color="currentColor"
        fill="none"
        fill-opacity="0"
        font-family="sans-serif"
        font-size="16px"
        font-style="normal"
        font-weight="100"
        stroke="currentColor"
        stroke-opacity="1"
        stroke-width="1"
        text-anchor="start"
        transform="translate(132.94117647058823, 0)"
      >
        <path
          class="domain"
          d="M5,690.5H0.5V50.5H5"
          stroke="currentColor"
        />
        <g
          class="tick"
          opacity="1"
          transform="translate(0,690.5)"
        >
          <line
            fill-opacity="0"
            stroke="currentColor"
            stroke-opacity="1"
            stroke-width="2"
            x2="5"
          />
          <text
            dy="0.32em"
            fill="currentColor"
            x="8"
          >
            2
          </text>
        </g>
        <g
          class="tick"
          opacity="1"
          transform="translate(0,641.2692307692307)"
        >
          <line
            fill-opacity="0"
            stroke="currentColor"
            stroke-opacity="1"
            stroke-width="2"
            x2="5"
          />
          <text
            dy="0.32em"
            fill="currentColor"
            x="8"
          >
            4
          </text>
        </g>
        <g
          class="tick"
          opacity="1"
          transform="translate(0,592.0384615384615)"
        >
          <line
            fill-opacity="0"
            stroke="currentColor"
            stroke-opacity="1"
            stroke-width="2"
            x2="5"
          />
          <text
            dy="0.32em"
            fill="currentColor"
            x="8"
          >
            6
          </text>
        </g>
        <g
          class="tick"
          opacity="1"
          transform="translate(0,542.8076923076923)"
        >
          <line
            fill-opacity="0"
            stroke="currentColor"
            stroke-opacity="1"
            stroke-width="2"
            x2="5"
          />
          <text
            dy="0.32em"
            fill="currentColor"
            x="8"
          >
            8
          </text>
        </g>
        <g
          class="tick"
          opacity="1"
          transform="translate(0,493.5769230769231)"
        >
          <line
            fill-opacity="0"
            stroke="currentColor"
            stroke-opacity="1"
            stroke-width="2"
            x2="5"
          />
          <text
            dy="0.32em"
            fill="currentColor"
            x="8"
          >
            10
          </text>
        </g>
        <g
          class="tick"
          opacity="1"
          transform="translate(0,444.3461538461538)"
        >
          <line
            fill-opacity="0"
            stroke="currentColor"
            stroke-opacity="1"
            stroke-width="2"
            x2="5"
          />
          <text
            dy="0.32em"
            fill="currentColor"
            x="8"
          >
            12
          </text>
        </g>
        <g
          class="tick"
          opacity="1"
          transform="translate(0,395.1153846153846)"
        >
          <line
            fill-opacity="0"
            stroke="currentColor"
            stroke-opacity="1"
            stroke-width="2"
            x2="5"
          />
          <text
            dy="0.32em"
            fill="currentColor"
            x="8"
          >
            14
          </text>
        </g>
        <g
          class="tick"
          opacity="1"
          transform="translate(0,345.8846153846154)"
        >
          <line
            fill-opacity="0"
            stroke="currentColor"
            stroke-opacity="1"
            stroke-width="2"
            x2="5"
          />
          <text
            dy="0.32em"
            fill="currentColor"
            x="8"
          >
            16
          </text>
        </g>
        <g
          class="tick"
          opacity="1"
          transform="translate(0,296.65384615384613)"
        >
          <line
            fill-opacity="0"
            stroke="currentColor"
            stroke-opacity="1"
            stroke-width="2"
            x2="5"
          />
          <text
            dy="0.32em"
            fill="currentColor"
            x="8"
          >
            18
          </text>
        </g>
        <g
          class="tick"
          opacity="1"
          transform="translate(0,247.4230769230769)"
        >
          <line
            fill-opacity="0"
            stroke="currentColor"
            stroke-opacity="1"
            stroke-width="2"
            x2="5"
          />
          <text
            dy="0.32em"
            fill="currentColor"
            x="8"
          >
            20
          </text>
        </g>
        <g
          class="tick"
          opacity="1"
          transform="translate(0,198.19230769230768)"
        >
          <line
            fill-opacity="0"
            stroke="currentColor"
            stroke-opacity="1"
            stroke-width="2"
            x2="5"
          />
          <text
            dy="0.32em"
            fill="currentColor"
            x="8"
          >
            22
          </text>
        </g>
        <g
          class="tick"
          opacity="1"
          transform="translate(0,148.96153846153845)"
        >
          <line
            fill-opacity="0"
            stroke="currentColor"
            stroke-opacity="1"
            stroke-width="2"
            x2="5"
          />
          <text
            dy="0.32em"
            fill="currentColor"
            x="8"
          >
            24
          </text>
        </g>
        <g
          class="tick"
          opacity="1"
          transform="translate(0,99.73076923076917)"
        >
          <line
            fill-opacity="0"
            stroke="currentColor"
            stroke-opacity="1"
            stroke-width="2"
            x2="5"
          />
          <text
            dy="0.32em"
            fill="currentColor"
            x="8"
          >
            26
          </text>
        </g>
        <g
          class="tick"
          opacity="1"
          transform="translate(0,50.5)"
        >
          <line
            fill-opacity="0"
            stroke="currentColor"
            stroke-opacity="1"
            stroke-width="2"
            x2="5"
          />
          <text
            dy="0.32em"
            fill="currentColor"
            x="8"
          >
            28
          </text>
        </g>
      </g>
    </g>
    <g
      class="series"
    >
      <g
        class="series0"
      >
        <g
          class="lines"
          fill-opacity="0"
          stroke="currentColor"
          stroke-opacity="1"
          stroke-width="5"
        >
          <path />
        </g>
        <g
          class="markers"
          fill="#F00"
          fill-opacity="1"
          stroke="currentColor"
          stroke-opacity="1"
          stroke-width="4"
        >
          <circle
            cx="20"
            cy="370"
            r="8.181818181818182"
          />
          <circle
            cx="155.52941176470588"
            cy="690"
            r="11.818181818181817"
          />
          <circle
            cx="471.7647058823529"
            cy="50"
            r="15"
          />
          <circle
            cx="980"
            cy="419.2307692307692"
            r="5"
          />
        </g>
      </g>
    </g>
  </svg>
</div>
`;
