// Jest Snapshot v1, https://goo.gl/fbAQLP

exports[`Column should plot column 1`] = `
<div
  style="width: 300px; height: 300px;"
>
  <svg
    class="baseSVG"
    height="100%"
    preserveAspectRatio="xMinYMin meet"
    viewBox="0 0 1000 700"
    width="100%"
  >
    <g
      class="canvas"
    >
      <rect
        class="graphArea"
        fill="#fff"
        fill-opacity="1"
        height="700"
        rx="0"
        ry="0"
        stroke="#00c"
        stroke-opacity="1"
        stroke-width="1"
        width="1000"
      />
    </g>
    <g
      class="grids"
    >
      <g
        class="hor-major-Grid"
        fill-opacity="0"
        stroke="#444"
        stroke-opacity="1"
        stroke-width="1"
      >
        <line
          x1="20"
          x2="980"
          y1="670"
          y2="670"
        />
        <line
          x1="20"
          x2="980"
          y1="345"
          y2="345"
        />
        <line
          x1="20"
          x2="980"
          y1="20"
          y2="20"
        />
      </g>
      <g
        class="hor-minor-Grid"
        fill-opacity="0"
        stroke="#eee"
        stroke-opacity="1"
        stroke-width="1"
      >
        <line
          x1="20"
          x2="980"
          y1="670"
          y2="670"
        />
        <line
          x1="20"
          x2="980"
          y1="605"
          y2="605"
        />
        <line
          x1="20"
          x2="980"
          y1="540"
          y2="540"
        />
        <line
          x1="20"
          x2="980"
          y1="475"
          y2="475"
        />
        <line
          x1="20"
          x2="980"
          y1="410"
          y2="410"
        />
        <line
          x1="20"
          x2="980"
          y1="345"
          y2="345"
        />
        <line
          x1="20"
          x2="980"
          y1="280"
          y2="280"
        />
        <line
          x1="20"
          x2="980"
          y1="215"
          y2="215"
        />
        <line
          x1="20"
          x2="980"
          y1="150"
          y2="150"
        />
        <line
          x1="20"
          x2="980"
          y1="85"
          y2="85"
        />
        <line
          x1="20"
          x2="980"
          y1="20"
          y2="20"
        />
      </g>
      <g
        class="ver-major-Grid"
        fill-opacity="0"
        stroke="#444"
        stroke-opacity="1"
        stroke-width="1"
      >
        <line
          x1="35.73770491803282"
          x2="35.73770491803282"
          y1="670"
          y2="20"
        />
        <line
          x1="193.11475409836066"
          x2="193.11475409836066"
          y1="670"
          y2="20"
        />
        <line
          x1="350.4918032786885"
          x2="350.4918032786885"
          y1="670"
          y2="20"
        />
        <line
          x1="507.86885245901635"
          x2="507.86885245901635"
          y1="670"
          y2="20"
        />
        <line
          x1="665.2459016393442"
          x2="665.2459016393442"
          y1="670"
          y2="20"
        />
        <line
          x1="822.622950819672"
          x2="822.622950819672"
          y1="670"
          y2="20"
        />
      </g>
      <g
        class="ver-minor-Grid"
        fill-opacity="0"
        stroke="#eee"
        stroke-opacity="1"
        stroke-width="1"
      >
        <line
          x1="35.73770491803282"
          x2="35.73770491803282"
          y1="670"
          y2="20"
        />
        <line
          x1="193.11475409836066"
          x2="193.11475409836066"
          y1="670"
          y2="20"
        />
        <line
          x1="350.4918032786885"
          x2="350.4918032786885"
          y1="670"
          y2="20"
        />
        <line
          x1="507.86885245901635"
          x2="507.86885245901635"
          y1="670"
          y2="20"
        />
        <line
          x1="665.2459016393442"
          x2="665.2459016393442"
          y1="670"
          y2="20"
        />
        <line
          x1="822.622950819672"
          x2="822.622950819672"
          y1="670"
          y2="20"
        />
      </g>
    </g>
    <g
      class="axes"
      color="#000"
    >
      <g
        class="horAxis"
        color="currentColor"
        fill="none"
        fill-opacity="0"
        font-family="sans-serif"
        font-size="16px"
        font-style="normal"
        font-weight="100"
        stroke="currentColor"
        stroke-opacity="1"
        stroke-width="1"
        text-anchor="middle"
        transform="translate(7.868852459016392, 345)"
      >
        <path
          class="domain"
          d="M20.5,5V0.5H980.5V5"
          stroke="currentColor"
        />
        <g
          class="tick"
          opacity="1"
          transform="translate(106.55737704918035,0)"
        >
          <line
            fill-opacity="0"
            stroke="currentColor"
            stroke-opacity="1"
            stroke-width="2"
            y2="5"
          />
          <text
            dy="0.71em"
            fill="currentColor"
            y="8"
          >
            CA
          </text>
        </g>
        <g
          class="tick"
          opacity="1"
          transform="translate(263.9344262295082,0)"
        >
          <line
            fill-opacity="0"
            stroke="currentColor"
            stroke-opacity="1"
            stroke-width="2"
            y2="5"
          />
          <text
            dy="0.71em"
            fill="currentColor"
            y="8"
          >
            MA
          </text>
        </g>
        <g
          class="tick"
          opacity="1"
          transform="translate(421.311475409836,0)"
        >
          <line
            fill-opacity="0"
            stroke="currentColor"
            stroke-opacity="1"
            stroke-width="2"
            y2="5"
          />
          <text
            dy="0.71em"
            fill="currentColor"
            y="8"
          >
            FL
          </text>
        </g>
        <g
          class="tick"
          opacity="1"
          transform="translate(578.6885245901639,0)"
        >
          <line
            fill-opacity="0"
            stroke="currentColor"
            stroke-opacity="1"
            stroke-width="2"
            y2="5"
          />
          <text
            dy="0.71em"
            fill="currentColor"
            y="8"
          >
            SC
          </text>
        </g>
        <g
          class="tick"
          opacity="1"
          transform="translate(736.0655737704917,0)"
        >
          <line
            fill-opacity="0"
            stroke="currentColor"
            stroke-opacity="1"
            stroke-width="2"
            y2="5"
          />
          <text
            dy="0.71em"
            fill="currentColor"
            y="8"
          >
            NV
          </text>
        </g>
        <g
          class="tick"
          opacity="1"
          transform="translate(893.4426229508196,0)"
        >
          <line
            fill-opacity="0"
            stroke="currentColor"
            stroke-opacity="1"
            stroke-width="2"
            y2="5"
          />
          <text
            dy="0.71em"
            fill="currentColor"
            y="8"
          >
            NC
          </text>
        </g>
      </g>
      <g
        class="verAxis"
        color="currentColor"
        fill="none"
        fill-opacity="0"
        font-family="sans-serif"
        font-size="16px"
        font-style="normal"
        font-weight="100"
        stroke="currentColor"
        stroke-opacity="1"
        stroke-width="1"
        text-anchor="end"
        transform="translate(35.73770491803282, 0)"
      >
        <path
          class="domain"
          d="M-5,670.5H0.5V20.5H-5"
          stroke="currentColor"
        />
        <g
          class="tick"
          opacity="1"
          transform="translate(0,670.5)"
        >
          <line
            fill-opacity="0"
            stroke="currentColor"
            stroke-opacity="1"
            stroke-width="2"
            x2="-5"
          />
          <text
            dy="0.32em"
            fill="currentColor"
            x="-8"
          >
            -1
          </text>
        </g>
        <g
          class="tick"
          opacity="1"
          transform="translate(0,605.5)"
        >
          <line
            fill-opacity="0"
            stroke="currentColor"
            stroke-opacity="1"
            stroke-width="2"
            x2="-5"
          />
          <text
            dy="0.32em"
            fill="currentColor"
            x="-8"
          >
            -0.8
          </text>
        </g>
        <g
          class="tick"
          opacity="1"
          transform="translate(0,540.5)"
        >
          <line
            fill-opacity="0"
            stroke="currentColor"
            stroke-opacity="1"
            stroke-width="2"
            x2="-5"
          />
          <text
            dy="0.32em"
            fill="currentColor"
            x="-8"
          >
            -0.6
          </text>
        </g>
        <g
          class="tick"
          opacity="1"
          transform="translate(0,475.5)"
        >
          <line
            fill-opacity="0"
            stroke="currentColor"
            stroke-opacity="1"
            stroke-width="2"
            x2="-5"
          />
          <text
            dy="0.32em"
            fill="currentColor"
            x="-8"
          >
            -0.4
          </text>
        </g>
        <g
          class="tick"
          opacity="1"
          transform="translate(0,410.5)"
        >
          <line
            fill-opacity="0"
            stroke="currentColor"
            stroke-opacity="1"
            stroke-width="2"
            x2="-5"
          />
          <text
            dy="0.32em"
            fill="currentColor"
            x="-8"
          >
            -0.2
          </text>
        </g>
        <g
          class="tick"
          opacity="1"
          transform="translate(0,345.5)"
        >
          <line
            fill-opacity="0"
            stroke="currentColor"
            stroke-opacity="1"
            stroke-width="2"
            x2="-5"
          />
          <text
            dy="0.32em"
            fill="currentColor"
            x="-8"
          >
            0
          </text>
        </g>
        <g
          class="tick"
          opacity="1"
          transform="translate(0,280.5)"
        >
          <line
            fill-opacity="0"
            stroke="currentColor"
            stroke-opacity="1"
            stroke-width="2"
            x2="-5"
          />
          <text
            dy="0.32em"
            fill="currentColor"
            x="-8"
          >
            0.2
          </text>
        </g>
        <g
          class="tick"
          opacity="1"
          transform="translate(0,215.5)"
        >
          <line
            fill-opacity="0"
            stroke="currentColor"
            stroke-opacity="1"
            stroke-width="2"
            x2="-5"
          />
          <text
            dy="0.32em"
            fill="currentColor"
            x="-8"
          >
            0.4
          </text>
        </g>
        <g
          class="tick"
          opacity="1"
          transform="translate(0,150.5)"
        >
          <line
            fill-opacity="0"
            stroke="currentColor"
            stroke-opacity="1"
            stroke-width="2"
            x2="-5"
          />
          <text
            dy="0.32em"
            fill="currentColor"
            x="-8"
          >
            0.6
          </text>
        </g>
        <g
          class="tick"
          opacity="1"
          transform="translate(0,85.5)"
        >
          <line
            fill-opacity="0"
            stroke="currentColor"
            stroke-opacity="1"
            stroke-width="2"
            x2="-5"
          />
          <text
            dy="0.32em"
            fill="currentColor"
            x="-8"
          >
            0.8
          </text>
        </g>
        <g
          class="tick"
          opacity="1"
          transform="translate(0,20.5)"
        >
          <line
            fill-opacity="0"
            stroke="currentColor"
            stroke-opacity="1"
            stroke-width="2"
            x2="-5"
          />
          <text
            dy="0.32em"
            fill="currentColor"
            x="-8"
          >
            1
          </text>
        </g>
      </g>
    </g>
    <g
      class="series"
    >
      <g
        class="series0"
        style="color: rgb(27, 158, 119);"
      >
        <g
          class="area"
          fill="currentColor"
          fill-opacity="0.5"
        >
          <path />
          <rect
            height="325"
            width="141.63934426229505"
            x="43.606557377049214"
            y="345"
          />
          <rect
            height="65"
            width="141.63934426229505"
            x="200.98360655737704"
            y="280"
          />
          <rect
            height="130"
            width="141.63934426229505"
            x="358.3606557377049"
            y="215"
          />
          <rect
            height="195"
            width="141.63934426229505"
            x="515.7377049180327"
            y="150"
          />
          <rect
            height="260"
            width="141.63934426229505"
            x="673.1147540983605"
            y="85"
          />
          <rect
            height="325"
            width="141.63934426229505"
            x="830.4918032786884"
            y="20"
          />
        </g>
        <g
          class="line"
          fill-opacity="0"
          stroke="currentColor"
          stroke-opacity="1"
          stroke-width="1"
        >
          <path />
        </g>
        <g
          class="markers"
          fill="currentColor"
          fill-opacity="0.75"
          stroke="currentColor"
          stroke-opacity="1"
          stroke-width="4"
        />
      </g>
    </g>
  </svg>
</div>
`;
