// Jest Snapshot v1, https://goo.gl/fbAQLP

exports[`Sankey should plot sankey 1`] = `
<div
  style="width: 300px; height: 300px;"
>
  <svg
    class="baseSVG"
    height="100%"
    preserveAspectRatio="xMinYMin meet"
    viewBox="0 0 1000 700"
    width="100%"
  >
    <g
      class="canvas"
    >
      <rect
        class="graphArea"
        fill="#fff"
        fill-opacity="1"
        height="700"
        rx="0"
        ry="0"
        stroke="#00c"
        stroke-dasharray="none"
        stroke-opacity="1"
        stroke-width="1"
        width="1000"
        x="0"
        y="0"
      />
    </g>
    <g
      class="grids"
    >
      <g
        class="hor-major-Grid"
      />
      <g
        class="hor-minor-Grid"
      />
      <g
        class="ver-major-Grid"
      />
      <g
        class="ver-minor-Grid"
      />
    </g>
    <g
      class="axes"
    >
      <g
        class="horAxis"
      />
      <g
        class="verAxis"
      />
    </g>
    <g
      class="title"
    >
      <text />
    </g>
    <g
      class="series"
    >
      <g
        class="series0"
        style="color: rgb(27, 158, 119);"
      >
        <g
          class="area"
          fill="currentColor"
          fill-opacity="0"
        >
          <path />
          <path
            color="#1f77b4"
            d="M40,110C260,110,260,110,480,110"
            stroke="currentColor"
            stroke-width="180"
            style="mix-blend-mode: multiply;"
          >
            <title>
              a → sheep:45
            </title>
          </path>
          <path
            color="#2ca02c"
            d="M500,190C720,190,720,190,940,190"
            stroke="currentColor"
            stroke-width="340"
            style="mix-blend-mode: multiply;"
          >
            <title>
              sheep → one:85
            </title>
          </path>
          <path
            color="#d62728"
            d="M40,629.9999999999999C260,629.9999999999999,260,630,480,630"
            stroke="currentColor"
            stroke-width="60"
            style="mix-blend-mode: multiply;"
          >
            <title>
              b → wolf:15
            </title>
          </path>
          <path
            color="#8c564b"
            d="M500,538C720,538,720,390,940,390"
            stroke="currentColor"
            stroke-width="60"
            style="mix-blend-mode: multiply;"
          >
            <title>
              wolf → one:15
            </title>
          </path>
          <path
            color="#7f7f7f"
            d="M40,364C260,364,260,324,480,324"
            stroke="currentColor"
            stroke-width="248"
            style="mix-blend-mode: multiply;"
          >
            <title>
              c → sheep:62
            </title>
          </path>
          <path
            color="#bcbd22"
            d="M500,404C720,404,720,484,940,484"
            stroke="currentColor"
            stroke-width="88"
            style="mix-blend-mode: multiply;"
          >
            <title>
              sheep → two:22
            </title>
          </path>
          <path
            d="M40,534C260,534,260,554,480,554"
            stroke="currentColor"
            stroke-width="92"
            style="mix-blend-mode: multiply;"
          >
            <title>
              c → wolf:23
            </title>
          </path>
          <path
            d="M500,614C720,614,720,614,940,614"
            stroke="currentColor"
            stroke-width="92"
            style="mix-blend-mode: multiply;"
          >
            <title>
              wolf → three:23
            </title>
          </path>
          <path
            d="M40,210C260,210,260,478.00000000000006,480,478.00000000000006"
            stroke="currentColor"
            stroke-width="20"
            style="mix-blend-mode: multiply;"
          >
            <title>
              a → fence:5
            </title>
          </path>
          <path
            d="M500,478.00000000000006C720,478.00000000000006,720,558,940,558"
            stroke="currentColor"
            stroke-width="20"
            style="mix-blend-mode: multiply;"
          >
            <title>
              fence → three:5
            </title>
          </path>
        </g>
        <g
          class="markers"
          fill="currentColor"
          fill-opacity="0.75"
          stroke="currentColor"
          stroke-dasharray="none"
          stroke-opacity="1"
          stroke-width="4"
        >
          <rect
            class="popup"
            color="#1f77b4"
            fill="currentColor"
            height="200.00000000000003"
            opacity="0.75"
            width="20"
            x="20"
            y="20"
          />
          <rect
            class="popup"
            color="#2ca02c"
            fill="currentColor"
            height="428.00000000000006"
            opacity="0.75"
            width="20"
            x="480"
            y="20"
          />
          <rect
            class="popup"
            color="#d62728"
            fill="currentColor"
            height="400"
            opacity="0.75"
            width="20"
            x="940"
            y="20"
          />
          <rect
            class="popup"
            color="#8c564b"
            fill="currentColor"
            height="60.000000000000114"
            opacity="0.75"
            width="20"
            x="20"
            y="599.9999999999999"
          />
          <rect
            class="popup"
            color="#7f7f7f"
            fill="currentColor"
            height="151.99999999999994"
            opacity="0.75"
            width="20"
            x="480"
            y="508.00000000000006"
          />
          <rect
            class="popup"
            color="#bcbd22"
            fill="currentColor"
            height="339.9999999999999"
            opacity="0.75"
            width="20"
            x="20"
            y="240.00000000000003"
          />
          <rect
            class="popup"
            fill="currentColor"
            height="88"
            opacity="0.75"
            width="20"
            x="940"
            y="440"
          />
          <rect
            class="popup"
            fill="currentColor"
            height="112.00000000000011"
            opacity="0.75"
            width="20"
            x="940"
            y="548"
          />
          <rect
            class="popup"
            fill="currentColor"
            height="20"
            opacity="0.75"
            width="20"
            x="480"
            y="468.00000000000006"
          />
        </g>
      </g>
    </g>
    <g
      class="popup"
    />
    <style>
      .popup:hover { filter: brightness(0.8);}
    </style>
  </svg>
</div>
`;
