// Jest Snapshot v1, https://goo.gl/fbAQLP

exports[`TimeSeries should plot timeSeries 1`] = `
<div
  style="width: 300px; height: 300px;"
>
  <svg
    class="baseSVG"
    height="100%"
    preserveAspectRatio="xMinYMin meet"
    viewBox="0 0 1000 700"
    width="100%"
  >
    <g
      class="canvas"
    >
      <rect
        class="graphArea"
        fill="#fff"
        fill-opacity="1"
        height="700"
        rx="0"
        ry="0"
        stroke="#00c"
        stroke-dasharray="none"
        stroke-opacity="1"
        stroke-width="1"
        width="1000"
        x="0"
        y="0"
      />
    </g>
    <g
      class="grids"
    >
      <g
        class="hor-major-Grid"
      />
      <g
        class="hor-minor-Grid"
      />
      <g
        class="ver-major-Grid"
      />
      <g
        class="ver-minor-Grid"
      />
    </g>
    <g
      class="axes"
      color="currentColor"
    >
      <g
        class="horAxis"
        color="currentColor"
        fill="currentColor"
        fill-opacity="0"
        font-family="sans-serif"
        font-size="16px"
        font-style="normal"
        font-weight="100"
        stroke="currentColor"
        stroke-dasharray="none"
        stroke-opacity="1"
        stroke-width="1"
        text-anchor="middle"
        transform="translate(0, 670)"
      >
        <path
          class="domain"
          d="M20.5,5V0.5H980.5V5"
          stroke="currentColor"
        />
        <g
          class="tick"
          opacity="1"
          transform="translate(440.5,0)"
        >
          <line
            stroke="currentColor"
            style="visibility: hidden"
            y2="5"
          />
          <text
            dy="0.71em"
            fill="currentColor"
            y="8"
          >
            1.59e+12
          </text>
        </g>
      </g>
      <g
        class="verAxis"
        color="currentColor"
        fill="currentColor"
        fill-opacity="0"
        font-family="sans-serif"
        font-size="16px"
        font-style="normal"
        font-weight="100"
        stroke="currentColor"
        stroke-dasharray="none"
        stroke-opacity="1"
        stroke-width="1"
        text-anchor="end"
        transform="translate(20, 0)"
      >
        <path
          class="domain"
          d="M-5,670.5H0.5V20.5H-5"
          stroke="currentColor"
        />
        <g
          class="tick"
          opacity="1"
          transform="translate(0,470.5)"
        >
          <line
            fill-opacity="0"
            stroke="currentColor"
            stroke-dasharray="none"
            stroke-opacity="1"
            stroke-width="2"
            x2="-5"
          />
          <text
            dy="0.32em"
            fill="currentColor"
            x="-8"
          >
            10
          </text>
        </g>
        <g
          class="tick"
          opacity="1"
          transform="translate(0,220.5)"
        >
          <line
            fill-opacity="0"
            stroke="currentColor"
            stroke-dasharray="none"
            stroke-opacity="1"
            stroke-width="2"
            x2="-5"
          />
          <text
            dy="0.32em"
            fill="currentColor"
            x="-8"
          >
            20
          </text>
        </g>
      </g>
    </g>
    <g
      class="title"
    >
      <text />
    </g>
    <g
      class="series"
    >
      <g
        class="series0"
        style="color: rgb(27, 158, 119);"
      >
        <g
          class="area"
          fill="currentColor"
          fill-opacity="0.5"
        >
          <path
            d="M-293,345C-293,345,-90.84707784292225,677.2439501729892,20,670C168.3353539034845,660.3061593189472,327.00319933167776,43.63121500801922,500,20C650.2025126638523,-0.5175347624458662,980,395,980,395L980,720C980,720,660,720,500,720C340,720,162.9615318841112,719.9999999999999,20,720C-95.4438344172358,719.9999999999999,-293,720,-293,720"
            transform="translate(0)"
          />
        </g>
        <g
          class="line"
          fill-opacity="0"
          stroke="currentColor"
          stroke-dasharray="none"
          stroke-opacity="1"
          stroke-width="5"
        >
          <path
            d="M-293,345C-293,345,-90.84707784292225,677.2439501729892,20,670C168.3353539034845,660.3061593189472,327.00319933167776,43.63121500801922,500,20C650.2025126638523,-0.5175347624458662,980,395,980,395"
            transform="translate(0)"
          />
        </g>
        <g
          class="markers"
          fill="currentColor"
          fill-opacity="0.75"
        >
          <circle
            cx="-293"
            cy="345"
            r="10"
            transform="translate(0)"
          />
          <circle
            cx="20"
            cy="670"
            r="10"
            transform="translate(0)"
          />
          <circle
            cx="500"
            cy="20"
            r="10"
            transform="translate(0)"
          />
          <circle
            cx="980"
            cy="395"
            r="10"
            transform="translate(0)"
          />
        </g>
      </g>
    </g>
    <g
      class="popup"
    />
    <style>
      .popup:hover { filter: brightness(0.8);}
    </style>
  </svg>
</div>
`;
